ARM Linker, 5.03 [Build 76] [MDK-ARM Lite]

==============================================================================

Section Cross References

    system_stm32f0xx.o(.text) refers to aeabi_sdiv.o(.text) for __aeabi_uidivmod
    system_stm32f0xx.o(.text) refers to system_stm32f0xx.o(.data) for SystemCoreClock
    startup_stm32f051.o(STACK) refers (Special) to heapauxi.o(.text) for __use_two_region_memory
    startup_stm32f051.o(HEAP) refers (Special) to heapauxi.o(.text) for __use_two_region_memory
    startup_stm32f051.o(RESET) refers (Special) to heapauxi.o(.text) for __use_two_region_memory
    startup_stm32f051.o(RESET) refers to startup_stm32f051.o(STACK) for __initial_sp
    startup_stm32f051.o(RESET) refers to startup_stm32f051.o(.text) for Reset_Handler
    startup_stm32f051.o(RESET) refers to util.o(.text) for SysTick_Handler
    startup_stm32f051.o(RESET) refers to sic4310.o(.text) for USART1_IRQHandler
    startup_stm32f051.o(.text) refers (Special) to heapauxi.o(.text) for __use_two_region_memory
    startup_stm32f051.o(.text) refers to system_stm32f0xx.o(.text) for SystemInit
    startup_stm32f051.o(.text) refers to __main.o(!!!main) for __main
    startup_stm32f051.o(.text) refers to startup_stm32f051.o(HEAP) for Heap_Mem
    startup_stm32f051.o(.text) refers to startup_stm32f051.o(STACK) for Stack_Mem
    stm32f0xx_tim.o(.text) refers to stm32f0xx_rcc.o(.text) for RCC_APB2PeriphResetCmd
    stm32f0xx_rcc.o(.text) refers to aeabi_sdiv.o(.text) for __aeabi_uidivmod
    stm32f0xx_rcc.o(.text) refers to stm32f0xx_rcc.o(.data) for APBAHBPrescTable
    stm32f0xx_usart.o(.text) refers to stm32f0xx_rcc.o(.text) for RCC_APB2PeriphResetCmd
    stm32f0xx_usart.o(.text) refers to aeabi_sdiv.o(.text) for __aeabi_uidivmod
    stm32f0xx_gpio.o(.text) refers to stm32f0xx_rcc.o(.text) for RCC_AHBPeriphResetCmd
    nfc_tag_check.o(.text) refers to sic4310.o(.text) for SIC4310_config
    nfc_tag_check.o(.text) refers to util.o(.text) for timebase_config
    nfc_tag_check.o(.text) refers to tag_protocol_test.o(.text) for validate_tag
    util.o(.text) refers to aeabi_sdiv.o(.text) for __aeabi_uidivmod
    util.o(.text) refers to util.o(.data) for Tick
    util.o(.text) refers to system_stm32f0xx.o(.data) for SystemCoreClock
    sic4310.o(.text) refers to stm32f0xx_rcc.o(.text) for RCC_AHBPeriphClockCmd
    sic4310.o(.text) refers to stm32f0xx_gpio.o(.text) for GPIO_PinAFConfig
    sic4310.o(.text) refers to stm32f0xx_usart.o(.text) for USART_Init
    sic4310.o(.text) refers to stm32f0xx_misc.o(.text) for NVIC_Init
    sic4310.o(.text) refers to strcmp.o(.text) for strcmp
    sic4310.o(.text) refers to sic4310.o(.bss) for _rx_buffer
    sic4310.o(.text) refers to sic4310.o(.data) for transmitting
    tag_protocol_test.o(.text) refers to strlen.o(.text) for strlen
    tag_protocol_test.o(.text) refers to strcmp.o(.text) for strcmp
    __main.o(!!!main) refers to rtentry.o(.ARM.Collect$$rtentry$$00000000) for __rt_entry
    rtentry.o(.ARM.Collect$$rtentry$$00000000) refers (Special) to rtentry2.o(.ARM.Collect$$rtentry$$0000000A) for __rt_entry_li
    rtentry.o(.ARM.Collect$$rtentry$$00000000) refers (Special) to rtentry2.o(.ARM.Collect$$rtentry$$0000000D) for __rt_entry_main
    rtentry.o(.ARM.Collect$$rtentry$$00000000) refers (Special) to rtentry2.o(.ARM.Collect$$rtentry$$0000000C) for __rt_entry_postli_1
    rtentry.o(.ARM.Collect$$rtentry$$00000000) refers (Special) to rtentry2.o(.ARM.Collect$$rtentry$$00000009) for __rt_entry_postsh_1
    rtentry.o(.ARM.Collect$$rtentry$$00000000) refers (Special) to rtentry2.o(.ARM.Collect$$rtentry$$00000002) for __rt_entry_presh_1
    rtentry.o(.ARM.Collect$$rtentry$$00000000) refers (Special) to rtentry4.o(.ARM.Collect$$rtentry$$00000004) for __rt_entry_sh
    aeabi_idiv0_sigfpe.o(.text) refers to rt_div0.o(.text) for __rt_div0
    rtentry2.o(.ARM.Collect$$rtentry$$00000008) refers to boardinit2.o(.text) for _platform_post_stackheap_init
    rtentry2.o(.ARM.Collect$$rtentry$$0000000A) refers to libinit.o(.ARM.Collect$$libinit$$00000000) for __rt_lib_init
    rtentry2.o(.ARM.Collect$$rtentry$$0000000B) refers to boardinit3.o(.text) for _platform_post_lib_init
    rtentry2.o(.ARM.Collect$$rtentry$$0000000D) refers to nfc_tag_check.o(.text) for main
    rtentry2.o(.ARM.Collect$$rtentry$$0000000D) refers to exit.o(.text) for exit
    rtentry2.o(.ARM.exidx) refers to rtentry2.o(.ARM.Collect$$rtentry$$00000001) for .ARM.Collect$$rtentry$$00000001
    rtentry2.o(.ARM.exidx) refers to rtentry2.o(.ARM.Collect$$rtentry$$00000008) for .ARM.Collect$$rtentry$$00000008
    rtentry2.o(.ARM.exidx) refers to rtentry2.o(.ARM.Collect$$rtentry$$0000000A) for .ARM.Collect$$rtentry$$0000000A
    rtentry2.o(.ARM.exidx) refers to rtentry2.o(.ARM.Collect$$rtentry$$0000000B) for .ARM.Collect$$rtentry$$0000000B
    rtentry2.o(.ARM.exidx) refers to rtentry2.o(.ARM.Collect$$rtentry$$0000000D) for .ARM.Collect$$rtentry$$0000000D
    rtentry4.o(.ARM.Collect$$rtentry$$00000004) refers to sys_stackheap_outer.o(.text) for __user_setup_stackheap
    rtentry4.o(.ARM.exidx) refers to rtentry4.o(.ARM.Collect$$rtentry$$00000004) for .ARM.Collect$$rtentry$$00000004
    rt_div0.o(.text) refers to defsig_fpe_outer.o(.text) for __rt_SIGFPE
    sys_stackheap_outer.o(.text) refers to libspace.o(.text) for __user_perproc_libspace
    sys_stackheap_outer.o(.text) refers to startup_stm32f051.o(.text) for __user_initial_stackheap
    sys_stackheap_outer.o(__vectab_stack_and_reset_area) refers to tempstk.o(.text) for __temporary_stack_top
    sys_stackheap_outer.o(__vectab_stack_and_reset_area) refers to __main.o(!!!main) for __main
    exit.o(.text) refers to rtexit.o(.ARM.Collect$$rtexit$$00000000) for __rt_exit
    defsig_fpe_outer.o(.text) refers to defsig_fpe_inner.o(.text) for __rt_SIGFPE_inner
    defsig_fpe_outer.o(.text) refers to defsig_exit.o(.text) for __sig_exit
    defsig_fpe_formal.o(.text) refers to rt_raise.o(.text) for __rt_raise
    libinit.o(.ARM.Collect$$libinit$$00000000) refers (Special) to libinit2.o(.ARM.Collect$$libinit$$0000002C) for __rt_lib_init_alloca_1
    libinit.o(.ARM.Collect$$libinit$$00000000) refers (Special) to libinit2.o(.ARM.Collect$$libinit$$0000002A) for __rt_lib_init_argv_1
    libinit.o(.ARM.Collect$$libinit$$00000000) refers (Special) to libinit2.o(.ARM.Collect$$libinit$$00000019) for __rt_lib_init_atexit_1
    libinit.o(.ARM.Collect$$libinit$$00000000) refers (Special) to libinit2.o(.ARM.Collect$$libinit$$0000001F) for __rt_lib_init_clock_1
    libinit.o(.ARM.Collect$$libinit$$00000000) refers (Special) to libinit2.o(.ARM.Collect$$libinit$$00000030) for __rt_lib_init_cpp_1
    libinit.o(.ARM.Collect$$libinit$$00000000) refers (Special) to libinit2.o(.ARM.Collect$$libinit$$0000002E) for __rt_lib_init_exceptions_1
    libinit.o(.ARM.Collect$$libinit$$00000000) refers (Special) to libinit2.o(.ARM.Collect$$libinit$$00000001) for __rt_lib_init_fp_1
    libinit.o(.ARM.Collect$$libinit$$00000000) refers (Special) to libinit2.o(.ARM.Collect$$libinit$$0000001D) for __rt_lib_init_fp_trap_1
    libinit.o(.ARM.Collect$$libinit$$00000000) refers (Special) to libinit2.o(.ARM.Collect$$libinit$$00000021) for __rt_lib_init_getenv_1
    libinit.o(.ARM.Collect$$libinit$$00000000) refers (Special) to libinit2.o(.ARM.Collect$$libinit$$00000008) for __rt_lib_init_heap_1
    libinit.o(.ARM.Collect$$libinit$$00000000) refers (Special) to libinit2.o(.ARM.Collect$$libinit$$0000000F) for __rt_lib_init_lc_collate_1
    libinit.o(.ARM.Collect$$libinit$$00000000) refers (Special) to libinit2.o(.ARM.Collect$$libinit$$00000011) for __rt_lib_init_lc_ctype_1
    libinit.o(.ARM.Collect$$libinit$$00000000) refers (Special) to libinit2.o(.ARM.Collect$$libinit$$00000013) for __rt_lib_init_lc_monetary_1
    libinit.o(.ARM.Collect$$libinit$$00000000) refers (Special) to libinit2.o(.ARM.Collect$$libinit$$00000015) for __rt_lib_init_lc_numeric_1
    libinit.o(.ARM.Collect$$libinit$$00000000) refers (Special) to libinit2.o(.ARM.Collect$$libinit$$00000017) for __rt_lib_init_lc_time_1
    libinit.o(.ARM.Collect$$libinit$$00000000) refers (Special) to libinit2.o(.ARM.Collect$$libinit$$0000000C) for __rt_lib_init_rand_1
    libinit.o(.ARM.Collect$$libinit$$00000000) refers (Special) to libinit2.o(.ARM.Collect$$libinit$$00000031) for __rt_lib_init_return
    libinit.o(.ARM.Collect$$libinit$$00000000) refers (Special) to libinit2.o(.ARM.Collect$$libinit$$0000001B) for __rt_lib_init_signal_1
    libinit.o(.ARM.Collect$$libinit$$00000000) refers (Special) to libinit2.o(.ARM.Collect$$libinit$$00000023) for __rt_lib_init_stdio_1
    libinit.o(.ARM.Collect$$libinit$$00000000) refers (Special) to libinit2.o(.ARM.Collect$$libinit$$0000000A) for __rt_lib_init_user_alloc_1
    libspace.o(.text) refers to libspace.o(.bss) for __libspace_start
    rtexit.o(.ARM.Collect$$rtexit$$00000000) refers (Special) to rtexit2.o(.ARM.Collect$$rtexit$$00000004) for __rt_exit_exit
    rtexit.o(.ARM.Collect$$rtexit$$00000000) refers (Special) to rtexit2.o(.ARM.Collect$$rtexit$$00000003) for __rt_exit_ls
    rtexit.o(.ARM.Collect$$rtexit$$00000000) refers (Special) to rtexit2.o(.ARM.Collect$$rtexit$$00000002) for __rt_exit_prels_1
    rtexit.o(.ARM.exidx) refers (Special) to rtexit2.o(.ARM.Collect$$rtexit$$00000004) for __rt_exit_exit
    rtexit.o(.ARM.exidx) refers (Special) to rtexit2.o(.ARM.Collect$$rtexit$$00000003) for __rt_exit_ls
    rtexit.o(.ARM.exidx) refers (Special) to rtexit2.o(.ARM.Collect$$rtexit$$00000002) for __rt_exit_prels_1
    rtexit.o(.ARM.exidx) refers to rtexit.o(.ARM.Collect$$rtexit$$00000000) for .ARM.Collect$$rtexit$$00000000
    rt_raise.o(.text) refers to __raise.o(.text) for __raise
    rt_raise.o(.text) refers to sys_exit.o(.text) for _sys_exit
    defsig_exit.o(.text) refers to sys_exit.o(.text) for _sys_exit
    defsig_fpe_inner.o(.text) refers to defsig_general.o(.text) for __default_signal_display
    libinit2.o(.ARM.Collect$$libinit$$0000000E) refers to libinit2.o(.ARM.Collect$$libinit$$0000000D) for .ARM.Collect$$libinit$$0000000D
    libinit2.o(.ARM.Collect$$libinit$$00000010) refers to libinit2.o(.ARM.Collect$$libinit$$0000000D) for .ARM.Collect$$libinit$$0000000D
    libinit2.o(.ARM.Collect$$libinit$$00000012) refers to libinit2.o(.ARM.Collect$$libinit$$0000000D) for .ARM.Collect$$libinit$$0000000D
    libinit2.o(.ARM.Collect$$libinit$$00000014) refers to libinit2.o(.ARM.Collect$$libinit$$0000000D) for .ARM.Collect$$libinit$$0000000D
    libinit2.o(.ARM.Collect$$libinit$$00000016) refers to libinit2.o(.ARM.Collect$$libinit$$0000000D) for .ARM.Collect$$libinit$$0000000D
    libinit2.o(.ARM.Collect$$libinit$$00000024) refers to argv_veneer.o(.text) for __ARM_argv_veneer
    libinit2.o(.ARM.Collect$$libinit$$00000025) refers to argv_veneer.o(.text) for __ARM_argv_veneer
    sys_exit.o(.text) refers (Special) to use_no_semi.o(.text) for __I$use$semihosting
    sys_exit.o(.text) refers (Special) to indicate_semi.o(.text) for __semihosting_library_function
    rtexit2.o(.ARM.Collect$$rtexit$$00000003) refers to libshutdown.o(.ARM.Collect$$libshutdown$$00000000) for __rt_lib_shutdown
    rtexit2.o(.ARM.Collect$$rtexit$$00000004) refers to sys_exit.o(.text) for _sys_exit
    rtexit2.o(.ARM.exidx) refers to rtexit2.o(.ARM.Collect$$rtexit$$00000001) for .ARM.Collect$$rtexit$$00000001
    rtexit2.o(.ARM.exidx) refers to rtexit2.o(.ARM.Collect$$rtexit$$00000003) for .ARM.Collect$$rtexit$$00000003
    rtexit2.o(.ARM.exidx) refers to rtexit2.o(.ARM.Collect$$rtexit$$00000004) for .ARM.Collect$$rtexit$$00000004
    __raise.o(.text) refers to defsig.o(CL$$defsig) for __default_signal_handler
    defsig_general.o(.text) refers to sys_wrch.o(.text) for _ttywrch
    sys_wrch.o(.text) refers (Special) to use_no_semi.o(.text) for __I$use$semihosting
    sys_wrch.o(.text) refers (Special) to indicate_semi.o(.text) for __semihosting_library_function
    defsig.o(CL$$defsig) refers to defsig_fpe_inner.o(.text) for __rt_SIGFPE_inner
    defsig.o(CL$$defsig) refers to defsig_rtmem_inner.o(.text) for __rt_SIGRTMEM_inner
    _get_argv_nomalloc.o(.text) refers (Special) to hrguard.o(.text) for __heap_region$guard
    _get_argv_nomalloc.o(.text) refers to defsig_rtmem_outer.o(.text) for __rt_SIGRTMEM
    _get_argv_nomalloc.o(.text) refers to sys_command.o(.text) for _sys_command_string
    libshutdown.o(.ARM.Collect$$libshutdown$$00000000) refers (Special) to libshutdown2.o(.ARM.Collect$$libshutdown$$00000006) for __rt_lib_shutdown_fp_trap_1
    libshutdown.o(.ARM.Collect$$libshutdown$$00000000) refers (Special) to libshutdown2.o(.ARM.Collect$$libshutdown$$0000000E) for __rt_lib_shutdown_heap_1
    libshutdown.o(.ARM.Collect$$libshutdown$$00000000) refers (Special) to libshutdown2.o(.ARM.Collect$$libshutdown$$0000000F) for __rt_lib_shutdown_return
    libshutdown.o(.ARM.Collect$$libshutdown$$00000000) refers (Special) to libshutdown2.o(.ARM.Collect$$libshutdown$$00000009) for __rt_lib_shutdown_signal_1
    libshutdown.o(.ARM.Collect$$libshutdown$$00000000) refers (Special) to libshutdown2.o(.ARM.Collect$$libshutdown$$00000003) for __rt_lib_shutdown_stdio_1
    libshutdown.o(.ARM.Collect$$libshutdown$$00000000) refers (Special) to libshutdown2.o(.ARM.Collect$$libshutdown$$0000000B) for __rt_lib_shutdown_user_alloc_1
    sys_command.o(.text) refers (Special) to use_no_semi.o(.text) for __I$use$semihosting
    sys_command.o(.text) refers (Special) to indicate_semi.o(.text) for __semihosting_library_function
    defsig_abrt_inner.o(.text) refers to defsig_general.o(.text) for __default_signal_display
    defsig_rtred_inner.o(.text) refers to defsig_general.o(.text) for __default_signal_display
    defsig_rtmem_inner.o(.text) refers to defsig_general.o(.text) for __default_signal_display
    defsig_rtmem_outer.o(.text) refers to defsig_rtmem_inner.o(.text) for __rt_SIGRTMEM_inner
    defsig_rtmem_outer.o(.text) refers to defsig_exit.o(.text) for __sig_exit
    defsig_rtmem_formal.o(.text) refers to rt_raise.o(.text) for __rt_raise
    defsig_stak_inner.o(.text) refers to defsig_general.o(.text) for __default_signal_display
    defsig_pvfn_inner.o(.text) refers to defsig_general.o(.text) for __default_signal_display
    defsig_cppl_inner.o(.text) refers to defsig_general.o(.text) for __default_signal_display
    defsig_segv_inner.o(.text) refers to defsig_general.o(.text) for __default_signal_display
    defsig_other.o(.text) refers to defsig_general.o(.text) for __default_signal_display


==============================================================================

Removing Unused input sections from the image.

    Removing system_stm32f0xx.o(.rev16_text), (4 bytes).
    Removing system_stm32f0xx.o(.revsh_text), (4 bytes).
    Removing stm32f0xx_tim.o(.rev16_text), (4 bytes).
    Removing stm32f0xx_tim.o(.revsh_text), (4 bytes).
    Removing stm32f0xx_tim.o(.text), (3072 bytes).
    Removing stm32f0xx_rcc.o(.rev16_text), (4 bytes).
    Removing stm32f0xx_rcc.o(.revsh_text), (4 bytes).
    Removing stm32f0xx_usart.o(.rev16_text), (4 bytes).
    Removing stm32f0xx_usart.o(.revsh_text), (4 bytes).
    Removing stm32f0xx_gpio.o(.rev16_text), (4 bytes).
    Removing stm32f0xx_gpio.o(.revsh_text), (4 bytes).
    Removing stm32f0xx_misc.o(.rev16_text), (4 bytes).
    Removing stm32f0xx_misc.o(.revsh_text), (4 bytes).
    Removing nfc_tag_check.o(.rev16_text), (4 bytes).
    Removing nfc_tag_check.o(.revsh_text), (4 bytes).
    Removing util.o(.rev16_text), (4 bytes).
    Removing util.o(.revsh_text), (4 bytes).
    Removing sic4310.o(.rev16_text), (4 bytes).
    Removing sic4310.o(.revsh_text), (4 bytes).
    Removing tag_protocol_test.o(.rev16_text), (4 bytes).
    Removing tag_protocol_test.o(.revsh_text), (4 bytes).

21 unused section(s) (total 3152 bytes) removed from the image.

==============================================================================

Image Symbol Table

    Local Symbols

    Symbol Name                              Value     Ov Type        Size  Object(Section)

    ../clib/angel/boardlib.s                 0x00000000   Number         0  boardinit2.o ABSOLUTE
    ../clib/angel/boardlib.s                 0x00000000   Number         0  boardshut.o ABSOLUTE
    ../clib/angel/boardlib.s                 0x00000000   Number         0  boardinit1.o ABSOLUTE
    ../clib/angel/boardlib.s                 0x00000000   Number         0  boardinit3.o ABSOLUTE
    ../clib/angel/handlers.s                 0x00000000   Number         0  __scatter_zi.o ABSOLUTE
    ../clib/angel/handlers.s                 0x00000000   Number         0  __scatter_copy.o ABSOLUTE
    ../clib/angel/kernel.s                   0x00000000   Number         0  rtentry2.o ABSOLUTE
    ../clib/angel/kernel.s                   0x00000000   Number         0  rtexit2.o ABSOLUTE
    ../clib/angel/kernel.s                   0x00000000   Number         0  rtentry.o ABSOLUTE
    ../clib/angel/kernel.s                   0x00000000   Number         0  rtexit.o ABSOLUTE
    ../clib/angel/kernel.s                   0x00000000   Number         0  rtentry4.o ABSOLUTE
    ../clib/angel/rt.s                       0x00000000   Number         0  aeabi_idiv0_sigfpe.o ABSOLUTE
    ../clib/angel/rt.s                       0x00000000   Number         0  aeabi_idiv0.o ABSOLUTE
    ../clib/angel/rt.s                       0x00000000   Number         0  rt_raise.o ABSOLUTE
    ../clib/angel/rt.s                       0x00000000   Number         0  rt_div0.o ABSOLUTE
    ../clib/angel/scatterp.s                 0x00000000   Number         0  __scatter.o ABSOLUTE
    ../clib/angel/startup.s                  0x00000000   Number         0  __main.o ABSOLUTE
    ../clib/angel/sys.s                      0x00000000   Number         0  use_no_semi.o ABSOLUTE
    ../clib/angel/sys.s                      0x00000000   Number         0  tempstk.o ABSOLUTE
    ../clib/angel/sys.s                      0x00000000   Number         0  indicate_semi.o ABSOLUTE
    ../clib/angel/sys.s                      0x00000000   Number         0  libspace.o ABSOLUTE
    ../clib/angel/sys.s                      0x00000000   Number         0  sys_stackheap_outer.o ABSOLUTE
    ../clib/angel/sysapp.c                   0x00000000   Number         0  sys_wrch.o ABSOLUTE
    ../clib/angel/sysapp.c                   0x00000000   Number         0  sys_exit.o ABSOLUTE
    ../clib/angel/sysapp.c                   0x00000000   Number         0  sys_command.o ABSOLUTE
    ../clib/armsys.c                         0x00000000   Number         0  no_argv.o ABSOLUTE
    ../clib/armsys.c                         0x00000000   Number         0  _get_argv_nomalloc.o ABSOLUTE
    ../clib/armsys.c                         0x00000000   Number         0  argv_veneer.o ABSOLUTE
    ../clib/division.s                       0x00000000   Number         0  aeabi_sdiv.o ABSOLUTE
    ../clib/division.s                       0x00000000   Number         0  aeabi_sdiv_div0.o ABSOLUTE
    ../clib/heapalloc.c                      0x00000000   Number         0  hrguard.o ABSOLUTE
    ../clib/heapaux.c                        0x00000000   Number         0  heapauxi.o ABSOLUTE
    ../clib/libinit.s                        0x00000000   Number         0  libshutdown.o ABSOLUTE
    ../clib/libinit.s                        0x00000000   Number         0  libinit.o ABSOLUTE
    ../clib/libinit.s                        0x00000000   Number         0  libinit2.o ABSOLUTE
    ../clib/libinit.s                        0x00000000   Number         0  libshutdown2.o ABSOLUTE
    ../clib/signal.c                         0x00000000   Number         0  defsig_rtmem_formal.o ABSOLUTE
    ../clib/signal.c                         0x00000000   Number         0  defsig_rtmem_outer.o ABSOLUTE
    ../clib/signal.c                         0x00000000   Number         0  defsig_rtred_inner.o ABSOLUTE
    ../clib/signal.c                         0x00000000   Number         0  defsig_abrt_inner.o ABSOLUTE
    ../clib/signal.c                         0x00000000   Number         0  defsig_pvfn_inner.o ABSOLUTE
    ../clib/signal.c                         0x00000000   Number         0  defsig_other.o ABSOLUTE
    ../clib/signal.c                         0x00000000   Number         0  __raise.o ABSOLUTE
    ../clib/signal.c                         0x00000000   Number         0  defsig_segv_inner.o ABSOLUTE
    ../clib/signal.c                         0x00000000   Number         0  defsig_cppl_inner.o ABSOLUTE
    ../clib/signal.c                         0x00000000   Number         0  defsig_general.o ABSOLUTE
    ../clib/signal.c                         0x00000000   Number         0  defsig_exit.o ABSOLUTE
    ../clib/signal.c                         0x00000000   Number         0  defsig_rtmem_inner.o ABSOLUTE
    ../clib/signal.c                         0x00000000   Number         0  defsig_fpe_inner.o ABSOLUTE
    ../clib/signal.c                         0x00000000   Number         0  defsig_stak_inner.o ABSOLUTE
    ../clib/signal.c                         0x00000000   Number         0  defsig_fpe_outer.o ABSOLUTE
    ../clib/signal.c                         0x00000000   Number         0  defsig_fpe_formal.o ABSOLUTE
    ../clib/signal.s                         0x00000000   Number         0  defsig.o ABSOLUTE
    ../clib/stdlib.c                         0x00000000   Number         0  exit.o ABSOLUTE
    ../clib/string.c                         0x00000000   Number         0  strlen.o ABSOLUTE
    ../clib/string.c                         0x00000000   Number         0  strcmp.o ABSOLUTE
    ../fplib/cfplib/fpinit.c                 0x00000000   Number         0  fpinit.o ABSOLUTE
    dc.s                                     0x00000000   Number         0  dc.o ABSOLUTE
    libs\STM32F0xx_StdPeriph_Driver\src\stm32f0xx_gpio.c 0x00000000   Number         0  stm32f0xx_gpio.o ABSOLUTE
    libs\STM32F0xx_StdPeriph_Driver\src\stm32f0xx_misc.c 0x00000000   Number         0  stm32f0xx_misc.o ABSOLUTE
    libs\STM32F0xx_StdPeriph_Driver\src\stm32f0xx_rcc.c 0x00000000   Number         0  stm32f0xx_rcc.o ABSOLUTE
    libs\STM32F0xx_StdPeriph_Driver\src\stm32f0xx_tim.c 0x00000000   Number         0  stm32f0xx_tim.o ABSOLUTE
    libs\STM32F0xx_StdPeriph_Driver\src\stm32f0xx_usart.c 0x00000000   Number         0  stm32f0xx_usart.o ABSOLUTE
    libs\\STM32F0xx_StdPeriph_Driver\\src\\stm32f0xx_gpio.c 0x00000000   Number         0  stm32f0xx_gpio.o ABSOLUTE
    libs\\STM32F0xx_StdPeriph_Driver\\src\\stm32f0xx_misc.c 0x00000000   Number         0  stm32f0xx_misc.o ABSOLUTE
    libs\\STM32F0xx_StdPeriph_Driver\\src\\stm32f0xx_rcc.c 0x00000000   Number         0  stm32f0xx_rcc.o ABSOLUTE
    libs\\STM32F0xx_StdPeriph_Driver\\src\\stm32f0xx_tim.c 0x00000000   Number         0  stm32f0xx_tim.o ABSOLUTE
    libs\\STM32F0xx_StdPeriph_Driver\\src\\stm32f0xx_usart.c 0x00000000   Number         0  stm32f0xx_usart.o ABSOLUTE
    main_nfc\\nfc_tag_check.c                0x00000000   Number         0  nfc_tag_check.o ABSOLUTE
    main_nfc\nfc_tag_check.c                 0x00000000   Number         0  nfc_tag_check.o ABSOLUTE
    src\\sic4310.c                           0x00000000   Number         0  sic4310.o ABSOLUTE
    src\\system_stm32f0xx.c                  0x00000000   Number         0  system_stm32f0xx.o ABSOLUTE
    src\\tag_protocol_test.c                 0x00000000   Number         0  tag_protocol_test.o ABSOLUTE
    src\\util.c                              0x00000000   Number         0  util.o ABSOLUTE
    src\sic4310.c                            0x00000000   Number         0  sic4310.o ABSOLUTE
    src\startup_stm32f051.s                  0x00000000   Number         0  startup_stm32f051.o ABSOLUTE
    src\system_stm32f0xx.c                   0x00000000   Number         0  system_stm32f0xx.o ABSOLUTE
    src\tag_protocol_test.c                  0x00000000   Number         0  tag_protocol_test.o ABSOLUTE
    src\util.c                               0x00000000   Number         0  util.o ABSOLUTE
    RESET                                    0x08000000   Section      192  startup_stm32f051.o(RESET)
    !!!main                                  0x080000c0   Section        8  __main.o(!!!main)
    !!!scatter                               0x080000c8   Section       60  __scatter.o(!!!scatter)
    !!handler_copy                           0x08000104   Section       26  __scatter_copy.o(!!handler_copy)
    !!handler_zi                             0x08000120   Section       28  __scatter_zi.o(!!handler_zi)
    .ARM.Collect$$libinit$$00000000          0x0800013c   Section        2  libinit.o(.ARM.Collect$$libinit$$00000000)
    .ARM.Collect$$libinit$$00000001          0x0800013e   Section        4  libinit2.o(.ARM.Collect$$libinit$$00000001)
    .ARM.Collect$$libinit$$00000008          0x08000142   Section        0  libinit2.o(.ARM.Collect$$libinit$$00000008)
    .ARM.Collect$$libinit$$0000000A          0x08000142   Section        0  libinit2.o(.ARM.Collect$$libinit$$0000000A)
    .ARM.Collect$$libinit$$0000000C          0x08000142   Section        0  libinit2.o(.ARM.Collect$$libinit$$0000000C)
    .ARM.Collect$$libinit$$0000000F          0x08000142   Section        0  libinit2.o(.ARM.Collect$$libinit$$0000000F)
    .ARM.Collect$$libinit$$00000011          0x08000142   Section        0  libinit2.o(.ARM.Collect$$libinit$$00000011)
    .ARM.Collect$$libinit$$00000013          0x08000142   Section        0  libinit2.o(.ARM.Collect$$libinit$$00000013)
    .ARM.Collect$$libinit$$00000015          0x08000142   Section        0  libinit2.o(.ARM.Collect$$libinit$$00000015)
    .ARM.Collect$$libinit$$00000017          0x08000142   Section        0  libinit2.o(.ARM.Collect$$libinit$$00000017)
    .ARM.Collect$$libinit$$00000019          0x08000142   Section        0  libinit2.o(.ARM.Collect$$libinit$$00000019)
    .ARM.Collect$$libinit$$0000001B          0x08000142   Section        0  libinit2.o(.ARM.Collect$$libinit$$0000001B)
    .ARM.Collect$$libinit$$0000001D          0x08000142   Section        0  libinit2.o(.ARM.Collect$$libinit$$0000001D)
    .ARM.Collect$$libinit$$0000001F          0x08000142   Section        0  libinit2.o(.ARM.Collect$$libinit$$0000001F)
    .ARM.Collect$$libinit$$00000021          0x08000142   Section        0  libinit2.o(.ARM.Collect$$libinit$$00000021)
    .ARM.Collect$$libinit$$00000023          0x08000142   Section        0  libinit2.o(.ARM.Collect$$libinit$$00000023)
    .ARM.Collect$$libinit$$0000002A          0x08000142   Section        0  libinit2.o(.ARM.Collect$$libinit$$0000002A)
    .ARM.Collect$$libinit$$0000002C          0x08000142   Section        0  libinit2.o(.ARM.Collect$$libinit$$0000002C)
    .ARM.Collect$$libinit$$0000002E          0x08000142   Section        0  libinit2.o(.ARM.Collect$$libinit$$0000002E)
    .ARM.Collect$$libinit$$00000030          0x08000142   Section        0  libinit2.o(.ARM.Collect$$libinit$$00000030)
    .ARM.Collect$$libinit$$00000031          0x08000142   Section        2  libinit2.o(.ARM.Collect$$libinit$$00000031)
    .ARM.Collect$$libshutdown$$00000000      0x08000144   Section        2  libshutdown.o(.ARM.Collect$$libshutdown$$00000000)
    .ARM.Collect$$libshutdown$$00000003      0x08000146   Section        0  libshutdown2.o(.ARM.Collect$$libshutdown$$00000003)
    .ARM.Collect$$libshutdown$$00000006      0x08000146   Section        0  libshutdown2.o(.ARM.Collect$$libshutdown$$00000006)
    .ARM.Collect$$libshutdown$$00000009      0x08000146   Section        0  libshutdown2.o(.ARM.Collect$$libshutdown$$00000009)
    .ARM.Collect$$libshutdown$$0000000B      0x08000146   Section        0  libshutdown2.o(.ARM.Collect$$libshutdown$$0000000B)
    .ARM.Collect$$libshutdown$$0000000E      0x08000146   Section        0  libshutdown2.o(.ARM.Collect$$libshutdown$$0000000E)
    .ARM.Collect$$libshutdown$$0000000F      0x08000146   Section        2  libshutdown2.o(.ARM.Collect$$libshutdown$$0000000F)
    .ARM.Collect$$rtentry$$00000000          0x08000148   Section        0  rtentry.o(.ARM.Collect$$rtentry$$00000000)
    .ARM.Collect$$rtentry$$00000002          0x08000148   Section        0  rtentry2.o(.ARM.Collect$$rtentry$$00000002)
    .ARM.Collect$$rtentry$$00000004          0x08000148   Section        6  rtentry4.o(.ARM.Collect$$rtentry$$00000004)
    .ARM.Collect$$rtentry$$00000009          0x0800014e   Section        0  rtentry2.o(.ARM.Collect$$rtentry$$00000009)
    .ARM.Collect$$rtentry$$0000000A          0x0800014e   Section        4  rtentry2.o(.ARM.Collect$$rtentry$$0000000A)
    .ARM.Collect$$rtentry$$0000000C          0x08000152   Section        0  rtentry2.o(.ARM.Collect$$rtentry$$0000000C)
    .ARM.Collect$$rtentry$$0000000D          0x08000152   Section        8  rtentry2.o(.ARM.Collect$$rtentry$$0000000D)
    .ARM.Collect$$rtexit$$00000000           0x0800015a   Section        2  rtexit.o(.ARM.Collect$$rtexit$$00000000)
    .ARM.Collect$$rtexit$$00000002           0x0800015c   Section        0  rtexit2.o(.ARM.Collect$$rtexit$$00000002)
    .ARM.Collect$$rtexit$$00000003           0x0800015c   Section        4  rtexit2.o(.ARM.Collect$$rtexit$$00000003)
    .ARM.Collect$$rtexit$$00000004           0x08000160   Section        6  rtexit2.o(.ARM.Collect$$rtexit$$00000004)
    .text                                    0x08000168   Section        0  system_stm32f0xx.o(.text)
    SetSysClock                              0x08000169   Thumb Code   202  system_stm32f0xx.o(.text)
    .text                                    0x0800035c   Section       56  startup_stm32f051.o(.text)
    .text                                    0x08000394   Section        0  stm32f0xx_rcc.o(.text)
    .text                                    0x08000a5c   Section        0  stm32f0xx_usart.o(.text)
    .text                                    0x08000fec   Section        0  stm32f0xx_gpio.o(.text)
    .text                                    0x080011f4   Section        0  stm32f0xx_misc.o(.text)
    .text                                    0x080012a8   Section        0  nfc_tag_check.o(.text)
    .text                                    0x08001328   Section        0  util.o(.text)
    NVIC_SetPriority                         0x08001383   Thumb Code   110  util.o(.text)
    .text                                    0x08001408   Section        0  sic4310.o(.text)
    .text                                    0x08001664   Section        0  tag_protocol_test.o(.text)
    .text                                    0x08001698   Section        0  strlen.o(.text)
    .text                                    0x080016dc   Section        0  strcmp.o(.text)
    .text                                    0x08001764   Section      346  aeabi_sdiv.o(.text)
    .text                                    0x080018be   Section        0  heapauxi.o(.text)
    .text                                    0x080018c4   Section       62  sys_stackheap_outer.o(.text)
    .text                                    0x08001902   Section        0  exit.o(.text)
    .text                                    0x08001910   Section        8  libspace.o(.text)
    .text                                    0x08001918   Section        0  sys_exit.o(.text)
    .text                                    0x08001924   Section        2  use_no_semi.o(.text)
    .text                                    0x08001926   Section        0  indicate_semi.o(.text)
    .data                                    0x20000000   Section       20  system_stm32f0xx.o(.data)
    .data                                    0x20000014   Section       16  stm32f0xx_rcc.o(.data)
    APBAHBPrescTable                         0x20000014   Data          16  stm32f0xx_rcc.o(.data)
    .data                                    0x20000024   Section        4  util.o(.data)
    Tick                                     0x20000024   Data           4  util.o(.data)
    .data                                    0x20000028   Section        4  sic4310.o(.data)
    transmitting                             0x20000028   Data           4  sic4310.o(.data)
    .bss                                     0x2000002c   Section      528  sic4310.o(.bss)
    _rx_buffer                               0x2000002c   Data         264  sic4310.o(.bss)
    _tx_buffer                               0x20000134   Data         264  sic4310.o(.bss)
    .bss                                     0x2000023c   Section       96  libspace.o(.bss)
    HEAP                                     0x200002a0   Section      512  startup_stm32f051.o(HEAP)
    Heap_Mem                                 0x200002a0   Data         512  startup_stm32f051.o(HEAP)
    STACK                                    0x200004a0   Section     1024  startup_stm32f051.o(STACK)
    Stack_Mem                                0x200004a0   Data        1024  startup_stm32f051.o(STACK)
    __initial_sp                             0x200008a0   Data           0  startup_stm32f051.o(STACK)

    Global Symbols

    Symbol Name                              Value     Ov Type        Size  Object(Section)

    BuildAttributes$$THM_ISAv3M$S$PE$A:L22$X:L11$S22$IEEE1$IW$USESV6$~STKCKD$USESV7$~SHL$OSPACE$ROPI$EBA8$UX$STANDARDLIB$REQ8$PRES8$EABIv2 0x00000000   Number         0  anon$$obj.o ABSOLUTE
    __ARM_use_no_argv                        0x00000000   Number         0  nfc_tag_check.o ABSOLUTE
    __ARM_exceptions_init                     - Undefined Weak Reference
    __alloca_initialize                       - Undefined Weak Reference
    __cpp_initialize__aeabi_                  - Undefined Weak Reference
    __cxa_finalize                            - Undefined Weak Reference
    __rt_locale                               - Undefined Weak Reference
    __sigvec_lookup                           - Undefined Weak Reference
    _atexit_init                              - Undefined Weak Reference
    _call_atexit_fns                          - Undefined Weak Reference
    _clock_init                               - Undefined Weak Reference
    _fp_trap_init                             - Undefined Weak Reference
    _fp_trap_shutdown                         - Undefined Weak Reference
    _get_lc_collate                           - Undefined Weak Reference
    _get_lc_ctype                             - Undefined Weak Reference
    _get_lc_monetary                          - Undefined Weak Reference
    _get_lc_numeric                           - Undefined Weak Reference
    _get_lc_time                              - Undefined Weak Reference
    _getenv_init                              - Undefined Weak Reference
    _handle_redirection                       - Undefined Weak Reference
    _init_alloc                               - Undefined Weak Reference
    _init_user_alloc                          - Undefined Weak Reference
    _initio                                   - Undefined Weak Reference
    _rand_init                                - Undefined Weak Reference
    _signal_finish                            - Undefined Weak Reference
    _signal_init                              - Undefined Weak Reference
    _terminate_alloc                          - Undefined Weak Reference
    _terminate_user_alloc                     - Undefined Weak Reference
    _terminateio                              - Undefined Weak Reference
    __Vectors_Size                           0x000000c0   Number         0  startup_stm32f051.o ABSOLUTE
    __Vectors                                0x08000000   Data           4  startup_stm32f051.o(RESET)
    __Vectors_End                            0x080000c0   Data           0  startup_stm32f051.o(RESET)
    __main                                   0x080000c1   Thumb Code     8  __main.o(!!!main)
    __scatterload                            0x080000c9   Thumb Code     0  __scatter.o(!!!scatter)
    __scatterload_rt2                        0x080000c9   Thumb Code    52  __scatter.o(!!!scatter)
    __scatterload_rt2_thumb_only             0x080000c9   Thumb Code     0  __scatter.o(!!!scatter)
    __scatterload_null                       0x080000d9   Thumb Code     0  __scatter.o(!!!scatter)
    __scatterload_copy                       0x08000105   Thumb Code    26  __scatter_copy.o(!!handler_copy)
    __scatterload_zeroinit                   0x08000121   Thumb Code    28  __scatter_zi.o(!!handler_zi)
    __rt_lib_init                            0x0800013d   Thumb Code     0  libinit.o(.ARM.Collect$$libinit$$00000000)
    __rt_lib_init_fp_1                       0x0800013f   Thumb Code     0  libinit2.o(.ARM.Collect$$libinit$$00000001)
    __rt_lib_init_alloca_1                   0x08000143   Thumb Code     0  libinit2.o(.ARM.Collect$$libinit$$0000002C)
    __rt_lib_init_argv_1                     0x08000143   Thumb Code     0  libinit2.o(.ARM.Collect$$libinit$$0000002A)
    __rt_lib_init_atexit_1                   0x08000143   Thumb Code     0  libinit2.o(.ARM.Collect$$libinit$$00000019)
    __rt_lib_init_clock_1                    0x08000143   Thumb Code     0  libinit2.o(.ARM.Collect$$libinit$$0000001F)
    __rt_lib_init_cpp_1                      0x08000143   Thumb Code     0  libinit2.o(.ARM.Collect$$libinit$$00000030)
    __rt_lib_init_exceptions_1               0x08000143   Thumb Code     0  libinit2.o(.ARM.Collect$$libinit$$0000002E)
    __rt_lib_init_fp_trap_1                  0x08000143   Thumb Code     0  libinit2.o(.ARM.Collect$$libinit$$0000001D)
    __rt_lib_init_getenv_1                   0x08000143   Thumb Code     0  libinit2.o(.ARM.Collect$$libinit$$00000021)
    __rt_lib_init_heap_1                     0x08000143   Thumb Code     0  libinit2.o(.ARM.Collect$$libinit$$00000008)
    __rt_lib_init_lc_collate_1               0x08000143   Thumb Code     0  libinit2.o(.ARM.Collect$$libinit$$0000000F)
    __rt_lib_init_lc_ctype_1                 0x08000143   Thumb Code     0  libinit2.o(.ARM.Collect$$libinit$$00000011)
    __rt_lib_init_lc_monetary_1              0x08000143   Thumb Code     0  libinit2.o(.ARM.Collect$$libinit$$00000013)
    __rt_lib_init_lc_numeric_1               0x08000143   Thumb Code     0  libinit2.o(.ARM.Collect$$libinit$$00000015)
    __rt_lib_init_lc_time_1                  0x08000143   Thumb Code     0  libinit2.o(.ARM.Collect$$libinit$$00000017)
    __rt_lib_init_rand_1                     0x08000143   Thumb Code     0  libinit2.o(.ARM.Collect$$libinit$$0000000C)
    __rt_lib_init_return                     0x08000143   Thumb Code     0  libinit2.o(.ARM.Collect$$libinit$$00000031)
    __rt_lib_init_signal_1                   0x08000143   Thumb Code     0  libinit2.o(.ARM.Collect$$libinit$$0000001B)
    __rt_lib_init_stdio_1                    0x08000143   Thumb Code     0  libinit2.o(.ARM.Collect$$libinit$$00000023)
    __rt_lib_init_user_alloc_1               0x08000143   Thumb Code     0  libinit2.o(.ARM.Collect$$libinit$$0000000A)
    __rt_lib_shutdown                        0x08000145   Thumb Code     0  libshutdown.o(.ARM.Collect$$libshutdown$$00000000)
    __rt_lib_shutdown_fp_trap_1              0x08000147   Thumb Code     0  libshutdown2.o(.ARM.Collect$$libshutdown$$00000006)
    __rt_lib_shutdown_heap_1                 0x08000147   Thumb Code     0  libshutdown2.o(.ARM.Collect$$libshutdown$$0000000E)
    __rt_lib_shutdown_return                 0x08000147   Thumb Code     0  libshutdown2.o(.ARM.Collect$$libshutdown$$0000000F)
    __rt_lib_shutdown_signal_1               0x08000147   Thumb Code     0  libshutdown2.o(.ARM.Collect$$libshutdown$$00000009)
    __rt_lib_shutdown_stdio_1                0x08000147   Thumb Code     0  libshutdown2.o(.ARM.Collect$$libshutdown$$00000003)
    __rt_lib_shutdown_user_alloc_1           0x08000147   Thumb Code     0  libshutdown2.o(.ARM.Collect$$libshutdown$$0000000B)
    __rt_entry                               0x08000149   Thumb Code     0  rtentry.o(.ARM.Collect$$rtentry$$00000000)
    __rt_entry_presh_1                       0x08000149   Thumb Code     0  rtentry2.o(.ARM.Collect$$rtentry$$00000002)
    __rt_entry_sh                            0x08000149   Thumb Code     0  rtentry4.o(.ARM.Collect$$rtentry$$00000004)
    __rt_entry_li                            0x0800014f   Thumb Code     0  rtentry2.o(.ARM.Collect$$rtentry$$0000000A)
    __rt_entry_postsh_1                      0x0800014f   Thumb Code     0  rtentry2.o(.ARM.Collect$$rtentry$$00000009)
    __rt_entry_main                          0x08000153   Thumb Code     0  rtentry2.o(.ARM.Collect$$rtentry$$0000000D)
    __rt_entry_postli_1                      0x08000153   Thumb Code     0  rtentry2.o(.ARM.Collect$$rtentry$$0000000C)
    __rt_exit                                0x0800015b   Thumb Code     0  rtexit.o(.ARM.Collect$$rtexit$$00000000)
    __rt_exit_ls                             0x0800015d   Thumb Code     0  rtexit2.o(.ARM.Collect$$rtexit$$00000003)
    __rt_exit_prels_1                        0x0800015d   Thumb Code     0  rtexit2.o(.ARM.Collect$$rtexit$$00000002)
    __rt_exit_exit                           0x08000161   Thumb Code     0  rtexit2.o(.ARM.Collect$$rtexit$$00000004)
    SystemInit                               0x08000233   Thumb Code   110  system_stm32f0xx.o(.text)
    SystemCoreClockUpdate                    0x080002a1   Thumb Code   154  system_stm32f0xx.o(.text)
    Reset_Handler                            0x0800035d   Thumb Code     8  startup_stm32f051.o(.text)
    NMI_Handler                              0x08000365   Thumb Code     2  startup_stm32f051.o(.text)
    HardFault_Handler                        0x08000367   Thumb Code     2  startup_stm32f051.o(.text)
    SVC_Handler                              0x08000369   Thumb Code     2  startup_stm32f051.o(.text)
    PendSV_Handler                           0x0800036b   Thumb Code     2  startup_stm32f051.o(.text)
    ADC1_COMP_IRQHandler                     0x0800036f   Thumb Code     0  startup_stm32f051.o(.text)
    CEC_IRQHandler                           0x0800036f   Thumb Code     0  startup_stm32f051.o(.text)
    DMA1_Channel1_IRQHandler                 0x0800036f   Thumb Code     0  startup_stm32f051.o(.text)
    DMA1_Channel2_3_IRQHandler               0x0800036f   Thumb Code     0  startup_stm32f051.o(.text)
    DMA1_Channel4_5_IRQHandler               0x0800036f   Thumb Code     0  startup_stm32f051.o(.text)
    EXTI0_1_IRQHandler                       0x0800036f   Thumb Code     0  startup_stm32f051.o(.text)
    EXTI2_3_IRQHandler                       0x0800036f   Thumb Code     0  startup_stm32f051.o(.text)
    EXTI4_15_IRQHandler                      0x0800036f   Thumb Code     0  startup_stm32f051.o(.text)
    FLASH_IRQHandler                         0x0800036f   Thumb Code     0  startup_stm32f051.o(.text)
    I2C1_IRQHandler                          0x0800036f   Thumb Code     0  startup_stm32f051.o(.text)
    I2C2_IRQHandler                          0x0800036f   Thumb Code     0  startup_stm32f051.o(.text)
    PVD_IRQHandler                           0x0800036f   Thumb Code     0  startup_stm32f051.o(.text)
    RCC_IRQHandler                           0x0800036f   Thumb Code     0  startup_stm32f051.o(.text)
    RTC_IRQHandler                           0x0800036f   Thumb Code     0  startup_stm32f051.o(.text)
    SPI1_IRQHandler                          0x0800036f   Thumb Code     0  startup_stm32f051.o(.text)
    SPI2_IRQHandler                          0x0800036f   Thumb Code     0  startup_stm32f051.o(.text)
    TIM14_IRQHandler                         0x0800036f   Thumb Code     0  startup_stm32f051.o(.text)
    TIM15_IRQHandler                         0x0800036f   Thumb Code     0  startup_stm32f051.o(.text)
    TIM16_IRQHandler                         0x0800036f   Thumb Code     0  startup_stm32f051.o(.text)
    TIM17_IRQHandler                         0x0800036f   Thumb Code     0  startup_stm32f051.o(.text)
    TIM1_BRK_UP_TRG_COM_IRQHandler           0x0800036f   Thumb Code     0  startup_stm32f051.o(.text)
    TIM1_CC_IRQHandler                       0x0800036f   Thumb Code     0  startup_stm32f051.o(.text)
    TIM2_IRQHandler                          0x0800036f   Thumb Code     0  startup_stm32f051.o(.text)
    TIM3_IRQHandler                          0x0800036f   Thumb Code     0  startup_stm32f051.o(.text)
    TIM6_DAC_IRQHandler                      0x0800036f   Thumb Code     0  startup_stm32f051.o(.text)
    TS_IRQHandler                            0x0800036f   Thumb Code     0  startup_stm32f051.o(.text)
    USART2_IRQHandler                        0x0800036f   Thumb Code     0  startup_stm32f051.o(.text)
    WWDG_IRQHandler                          0x0800036f   Thumb Code     0  startup_stm32f051.o(.text)
    __user_initial_stackheap                 0x08000371   Thumb Code     0  startup_stm32f051.o(.text)
    RCC_DeInit                               0x08000395   Thumb Code   104  stm32f0xx_rcc.o(.text)
    RCC_HSEConfig                            0x080003fd   Thumb Code    12  stm32f0xx_rcc.o(.text)
    RCC_GetFlagStatus                        0x08000409   Thumb Code    66  stm32f0xx_rcc.o(.text)
    RCC_WaitForHSEStartUp                    0x0800044b   Thumb Code    60  stm32f0xx_rcc.o(.text)
    RCC_AdjustHSICalibrationValue            0x08000487   Thumb Code    26  stm32f0xx_rcc.o(.text)
    RCC_HSICmd                               0x080004a1   Thumb Code    32  stm32f0xx_rcc.o(.text)
    RCC_AdjustHSI14CalibrationValue          0x080004c1   Thumb Code    26  stm32f0xx_rcc.o(.text)
    RCC_HSI14Cmd                             0x080004db   Thumb Code    32  stm32f0xx_rcc.o(.text)
    RCC_HSI14ADCRequestCmd                   0x080004fb   Thumb Code    32  stm32f0xx_rcc.o(.text)
    RCC_LSEConfig                            0x0800051b   Thumb Code    34  stm32f0xx_rcc.o(.text)
    RCC_LSEDriveConfig                       0x0800053d   Thumb Code    22  stm32f0xx_rcc.o(.text)
    RCC_LSICmd                               0x08000553   Thumb Code    32  stm32f0xx_rcc.o(.text)
    RCC_PLLConfig                            0x08000573   Thumb Code    30  stm32f0xx_rcc.o(.text)
    RCC_PLLCmd                               0x08000591   Thumb Code    36  stm32f0xx_rcc.o(.text)
    RCC_HSI48Cmd                             0x080005b5   Thumb Code    36  stm32f0xx_rcc.o(.text)
    RCC_PREDIV1Config                        0x080005d9   Thumb Code    24  stm32f0xx_rcc.o(.text)
    RCC_ClockSecuritySystemCmd               0x080005f1   Thumb Code    36  stm32f0xx_rcc.o(.text)
    RCC_MCOConfig                            0x08000615   Thumb Code     6  stm32f0xx_rcc.o(.text)
    RCC_SYSCLKConfig                         0x0800061b   Thumb Code    24  stm32f0xx_rcc.o(.text)
    RCC_GetSYSCLKSource                      0x08000633   Thumb Code    10  stm32f0xx_rcc.o(.text)
    RCC_HCLKConfig                           0x0800063d   Thumb Code    28  stm32f0xx_rcc.o(.text)
    RCC_PCLKConfig                           0x08000659   Thumb Code    30  stm32f0xx_rcc.o(.text)
    RCC_ADCCLKConfig                         0x08000677   Thumb Code    52  stm32f0xx_rcc.o(.text)
    RCC_CECCLKConfig                         0x080006ab   Thumb Code    22  stm32f0xx_rcc.o(.text)
    RCC_I2CCLKConfig                         0x080006c1   Thumb Code    22  stm32f0xx_rcc.o(.text)
    RCC_USARTCLKConfig                       0x080006d7   Thumb Code    48  stm32f0xx_rcc.o(.text)
    RCC_USBCLKConfig                         0x08000707   Thumb Code    22  stm32f0xx_rcc.o(.text)
    RCC_GetClocksFreq                        0x0800071d   Thumb Code   484  stm32f0xx_rcc.o(.text)
    RCC_RTCCLKConfig                         0x08000901   Thumb Code    12  stm32f0xx_rcc.o(.text)
    RCC_RTCCLKCmd                            0x0800090d   Thumb Code    36  stm32f0xx_rcc.o(.text)
    RCC_BackupResetCmd                       0x08000931   Thumb Code    36  stm32f0xx_rcc.o(.text)
    RCC_AHBPeriphClockCmd                    0x08000955   Thumb Code    28  stm32f0xx_rcc.o(.text)
    RCC_APB2PeriphClockCmd                   0x08000971   Thumb Code    28  stm32f0xx_rcc.o(.text)
    RCC_APB1PeriphClockCmd                   0x0800098d   Thumb Code    28  stm32f0xx_rcc.o(.text)
    RCC_AHBPeriphResetCmd                    0x080009a9   Thumb Code    28  stm32f0xx_rcc.o(.text)
    RCC_APB2PeriphResetCmd                   0x080009c5   Thumb Code    28  stm32f0xx_rcc.o(.text)
    RCC_APB1PeriphResetCmd                   0x080009e1   Thumb Code    28  stm32f0xx_rcc.o(.text)
    RCC_ITConfig                             0x080009fd   Thumb Code    28  stm32f0xx_rcc.o(.text)
    RCC_ClearFlag                            0x08000a19   Thumb Code    16  stm32f0xx_rcc.o(.text)
    RCC_GetITStatus                          0x08000a29   Thumb Code    20  stm32f0xx_rcc.o(.text)
    RCC_ClearITPendingBit                    0x08000a3d   Thumb Code     6  stm32f0xx_rcc.o(.text)
    USART_DeInit                             0x08000a5d   Thumb Code   108  stm32f0xx_usart.o(.text)
    USART_Init                               0x08000ac9   Thumb Code   210  stm32f0xx_usart.o(.text)
    USART_StructInit                         0x08000b9b   Thumb Code    24  stm32f0xx_usart.o(.text)
    USART_ClockInit                          0x08000bb3   Thumb Code    36  stm32f0xx_usart.o(.text)
    USART_ClockStructInit                    0x08000bd7   Thumb Code    12  stm32f0xx_usart.o(.text)
    USART_Cmd                                0x08000be3   Thumb Code    24  stm32f0xx_usart.o(.text)
    USART_DirectionModeCmd                   0x08000bfb   Thumb Code    20  stm32f0xx_usart.o(.text)
    USART_OverSampling8Cmd                   0x08000c0f   Thumb Code    28  stm32f0xx_usart.o(.text)
    USART_OneBitMethodCmd                    0x08000c2b   Thumb Code    28  stm32f0xx_usart.o(.text)
    USART_MSBFirstCmd                        0x08000c47   Thumb Code    28  stm32f0xx_usart.o(.text)
    USART_DataInvCmd                         0x08000c63   Thumb Code    28  stm32f0xx_usart.o(.text)
    USART_InvPinCmd                          0x08000c7f   Thumb Code    20  stm32f0xx_usart.o(.text)
    USART_SWAPPinCmd                         0x08000c93   Thumb Code    28  stm32f0xx_usart.o(.text)
    USART_ReceiverTimeOutCmd                 0x08000caf   Thumb Code    28  stm32f0xx_usart.o(.text)
    USART_SetReceiverTimeOut                 0x08000ccb   Thumb Code    16  stm32f0xx_usart.o(.text)
    USART_SetPrescaler                       0x08000cdb   Thumb Code    18  stm32f0xx_usart.o(.text)
    USART_STOPModeCmd                        0x08000ced   Thumb Code    24  stm32f0xx_usart.o(.text)
    USART_StopModeWakeUpSourceConfig         0x08000d05   Thumb Code    18  stm32f0xx_usart.o(.text)
    USART_AutoBaudRateCmd                    0x08000d17   Thumb Code    28  stm32f0xx_usart.o(.text)
    USART_AutoBaudRateConfig                 0x08000d33   Thumb Code    18  stm32f0xx_usart.o(.text)
    USART_SendData                           0x08000d45   Thumb Code     8  stm32f0xx_usart.o(.text)
    USART_ReceiveData                        0x08000d4d   Thumb Code    10  stm32f0xx_usart.o(.text)
    USART_SetAddress                         0x08000d57   Thumb Code    18  stm32f0xx_usart.o(.text)
    USART_MuteModeCmd                        0x08000d69   Thumb Code    28  stm32f0xx_usart.o(.text)
    USART_MuteModeWakeUpConfig               0x08000d85   Thumb Code    18  stm32f0xx_usart.o(.text)
    USART_AddressDetectionConfig             0x08000d97   Thumb Code    16  stm32f0xx_usart.o(.text)
    USART_LINBreakDetectLengthConfig         0x08000da7   Thumb Code    16  stm32f0xx_usart.o(.text)
    USART_LINCmd                             0x08000db7   Thumb Code    28  stm32f0xx_usart.o(.text)
    USART_HalfDuplexCmd                      0x08000dd3   Thumb Code    24  stm32f0xx_usart.o(.text)
    USART_SetGuardTime                       0x08000deb   Thumb Code    16  stm32f0xx_usart.o(.text)
    USART_SmartCardCmd                       0x08000dfb   Thumb Code    24  stm32f0xx_usart.o(.text)
    USART_SmartCardNACKCmd                   0x08000e13   Thumb Code    24  stm32f0xx_usart.o(.text)
    USART_SetAutoRetryCount                  0x08000e2b   Thumb Code    46  stm32f0xx_usart.o(.text)
    USART_SetBlockLength                     0x08000e59   Thumb Code    18  stm32f0xx_usart.o(.text)
    USART_IrDAConfig                         0x08000e6b   Thumb Code    16  stm32f0xx_usart.o(.text)
    USART_IrDACmd                            0x08000e7b   Thumb Code    24  stm32f0xx_usart.o(.text)
    USART_DECmd                              0x08000e93   Thumb Code    28  stm32f0xx_usart.o(.text)
    USART_DEPolarityConfig                   0x08000eaf   Thumb Code    18  stm32f0xx_usart.o(.text)
    USART_SetDEAssertionTime                 0x08000ec1   Thumb Code    20  stm32f0xx_usart.o(.text)
    USART_SetDEDeassertionTime               0x08000ed5   Thumb Code    20  stm32f0xx_usart.o(.text)
    USART_DMACmd                             0x08000ee9   Thumb Code    20  stm32f0xx_usart.o(.text)
    USART_DMAReceptionErrorConfig            0x08000efd   Thumb Code    18  stm32f0xx_usart.o(.text)
    USART_ITConfig                           0x08000f0f   Thumb Code    66  stm32f0xx_usart.o(.text)
    USART_RequestCmd                         0x08000f51   Thumb Code    20  stm32f0xx_usart.o(.text)
    USART_OverrunDetectionConfig             0x08000f65   Thumb Code    18  stm32f0xx_usart.o(.text)
    USART_GetFlagStatus                      0x08000f77   Thumb Code    18  stm32f0xx_usart.o(.text)
    USART_ClearFlag                          0x08000f89   Thumb Code     4  stm32f0xx_usart.o(.text)
    USART_GetITStatus                        0x08000f8d   Thumb Code    78  stm32f0xx_usart.o(.text)
    USART_ClearITPendingBit                  0x08000fdb   Thumb Code    18  stm32f0xx_usart.o(.text)
    GPIO_DeInit                              0x08000fed   Thumb Code   156  stm32f0xx_gpio.o(.text)
    GPIO_Init                                0x08001089   Thumb Code   144  stm32f0xx_gpio.o(.text)
    GPIO_StructInit                          0x08001119   Thumb Code    20  stm32f0xx_gpio.o(.text)
    GPIO_PinLockConfig                       0x0800112d   Thumb Code    34  stm32f0xx_gpio.o(.text)
    GPIO_ReadInputDataBit                    0x0800114f   Thumb Code    18  stm32f0xx_gpio.o(.text)
    GPIO_ReadInputData                       0x08001161   Thumb Code     6  stm32f0xx_gpio.o(.text)
    GPIO_ReadOutputDataBit                   0x08001167   Thumb Code    18  stm32f0xx_gpio.o(.text)
    GPIO_ReadOutputData                      0x08001179   Thumb Code     6  stm32f0xx_gpio.o(.text)
    GPIO_SetBits                             0x0800117f   Thumb Code     4  stm32f0xx_gpio.o(.text)
    GPIO_ResetBits                           0x08001183   Thumb Code     4  stm32f0xx_gpio.o(.text)
    GPIO_WriteBit                            0x08001187   Thumb Code    12  stm32f0xx_gpio.o(.text)
    GPIO_Write                               0x08001193   Thumb Code     4  stm32f0xx_gpio.o(.text)
    GPIO_PinAFConfig                         0x08001197   Thumb Code    68  stm32f0xx_gpio.o(.text)
    NVIC_Init                                0x080011f5   Thumb Code   106  stm32f0xx_misc.o(.text)
    NVIC_SystemLPConfig                      0x0800125f   Thumb Code    28  stm32f0xx_misc.o(.text)
    SysTick_CLKSourceConfig                  0x0800127b   Thumb Code    32  stm32f0xx_misc.o(.text)
    setup                                    0x080012a9   Thumb Code    12  nfc_tag_check.o(.text)
    main                                     0x080012b5   Thumb Code    78  nfc_tag_check.o(.text)
    SysTick_Handler                          0x08001329   Thumb Code    12  util.o(.text)
    timebase_config                          0x08001335   Thumb Code    54  util.o(.text)
    delay                                    0x0800136b   Thumb Code    18  util.o(.text)
    millis                                   0x0800137d   Thumb Code     6  util.o(.text)
    SIC4310_config                           0x08001409   Thumb Code   194  sic4310.o(.text)
    SIC4310_read                             0x080014cb   Thumb Code    38  sic4310.o(.text)
    write                                    0x080014f1   Thumb Code   108  sic4310.o(.text)
    print                                    0x0800155d   Thumb Code    22  sic4310.o(.text)
    SIC4310_write                            0x08001573   Thumb Code    24  sic4310.o(.text)
    SIC4310_available                        0x0800158b   Thumb Code    32  sic4310.o(.text)
    USART1_IRQHandler                        0x080015ab   Thumb Code   118  sic4310.o(.text)
    checkvalidation                          0x08001621   Thumb Code    24  sic4310.o(.text)
    validate_tag                             0x08001665   Thumb Code    40  tag_protocol_test.o(.text)
    strlen                                   0x08001699   Thumb Code    62  strlen.o(.text)
    strcmp                                   0x080016dd   Thumb Code   132  strcmp.o(.text)
    __aeabi_uidiv                            0x08001765   Thumb Code     0  aeabi_sdiv.o(.text)
    __aeabi_uidivmod                         0x08001765   Thumb Code    20  aeabi_sdiv.o(.text)
    __aeabi_idiv                             0x08001779   Thumb Code     0  aeabi_sdiv.o(.text)
    __aeabi_idivmod                          0x08001779   Thumb Code   326  aeabi_sdiv.o(.text)
    __use_two_region_memory                  0x080018bf   Thumb Code     2  heapauxi.o(.text)
    __rt_heap_escrow$2region                 0x080018c1   Thumb Code     2  heapauxi.o(.text)
    __rt_heap_expand$2region                 0x080018c3   Thumb Code     2  heapauxi.o(.text)
    __user_setup_stackheap                   0x080018c5   Thumb Code    62  sys_stackheap_outer.o(.text)
    exit                                     0x08001903   Thumb Code    12  exit.o(.text)
    __user_libspace                          0x08001911   Thumb Code     8  libspace.o(.text)
    __user_perproc_libspace                  0x08001911   Thumb Code     0  libspace.o(.text)
    __user_perthread_libspace                0x08001911   Thumb Code     0  libspace.o(.text)
    _sys_exit                                0x08001919   Thumb Code     8  sys_exit.o(.text)
    __I$use$semihosting                      0x08001925   Thumb Code     0  use_no_semi.o(.text)
    __use_no_semihosting_swi                 0x08001925   Thumb Code     2  use_no_semi.o(.text)
    __semihosting_library_function           0x08001927   Thumb Code     0  indicate_semi.o(.text)
    Region$$Table$$Base                      0x08001928   Number         0  anon$$obj.o(Region$$Table)
    Region$$Table$$Limit                     0x08001948   Number         0  anon$$obj.o(Region$$Table)
    SystemCoreClock                          0x20000000   Data           4  system_stm32f0xx.o(.data)
    AHBPrescTable                            0x20000004   Data          16  system_stm32f0xx.o(.data)
    __libspace_start                         0x2000023c   Data          96  libspace.o(.bss)
    __temporary_stack_top$libspace           0x2000029c   Data           0  libspace.o(.bss)



==============================================================================

Memory Map of the image

  Image Entry point : 0x0800035d

  Load Region LR_1 (Base: 0x08000000, Size: 0x00001974, Max: 0xffffffff, ABSOLUTE)

    Execution Region ER_RO (Base: 0x08000000, Size: 0x00001948, Max: 0xffffffff, ABSOLUTE)

    Base Addr    Size         Type   Attr      Idx    E Section Name        Object

    0x08000000   0x000000c0   Data   RO          113    RESET               startup_stm32f051.o
    0x080000c0   0x00000008   Code   RO          336  * !!!main             c_p.l(__main.o)
    0x080000c8   0x0000003c   Code   RO          502    !!!scatter          c_p.l(__scatter.o)
    0x08000104   0x0000001a   Code   RO          504    !!handler_copy      c_p.l(__scatter_copy.o)
    0x0800011e   0x00000002   PAD
    0x08000120   0x0000001c   Code   RO          506    !!handler_zi        c_p.l(__scatter_zi.o)
    0x0800013c   0x00000002   Code   RO          374    .ARM.Collect$$libinit$$00000000  c_p.l(libinit.o)
    0x0800013e   0x00000004   Code   RO          387    .ARM.Collect$$libinit$$00000001  c_p.l(libinit2.o)
    0x08000142   0x00000000   Code   RO          391    .ARM.Collect$$libinit$$00000008  c_p.l(libinit2.o)
    0x08000142   0x00000000   Code   RO          393    .ARM.Collect$$libinit$$0000000A  c_p.l(libinit2.o)
    0x08000142   0x00000000   Code   RO          395    .ARM.Collect$$libinit$$0000000C  c_p.l(libinit2.o)
    0x08000142   0x00000000   Code   RO          398    .ARM.Collect$$libinit$$0000000F  c_p.l(libinit2.o)
    0x08000142   0x00000000   Code   RO          400    .ARM.Collect$$libinit$$00000011  c_p.l(libinit2.o)
    0x08000142   0x00000000   Code   RO          402    .ARM.Collect$$libinit$$00000013  c_p.l(libinit2.o)
    0x08000142   0x00000000   Code   RO          404    .ARM.Collect$$libinit$$00000015  c_p.l(libinit2.o)
    0x08000142   0x00000000   Code   RO          406    .ARM.Collect$$libinit$$00000017  c_p.l(libinit2.o)
    0x08000142   0x00000000   Code   RO          408    .ARM.Collect$$libinit$$00000019  c_p.l(libinit2.o)
    0x08000142   0x00000000   Code   RO          410    .ARM.Collect$$libinit$$0000001B  c_p.l(libinit2.o)
    0x08000142   0x00000000   Code   RO          412    .ARM.Collect$$libinit$$0000001D  c_p.l(libinit2.o)
    0x08000142   0x00000000   Code   RO          414    .ARM.Collect$$libinit$$0000001F  c_p.l(libinit2.o)
    0x08000142   0x00000000   Code   RO          416    .ARM.Collect$$libinit$$00000021  c_p.l(libinit2.o)
    0x08000142   0x00000000   Code   RO          418    .ARM.Collect$$libinit$$00000023  c_p.l(libinit2.o)
    0x08000142   0x00000000   Code   RO          422    .ARM.Collect$$libinit$$0000002A  c_p.l(libinit2.o)
    0x08000142   0x00000000   Code   RO          424    .ARM.Collect$$libinit$$0000002C  c_p.l(libinit2.o)
    0x08000142   0x00000000   Code   RO          426    .ARM.Collect$$libinit$$0000002E  c_p.l(libinit2.o)
    0x08000142   0x00000000   Code   RO          428    .ARM.Collect$$libinit$$00000030  c_p.l(libinit2.o)
    0x08000142   0x00000002   Code   RO          429    .ARM.Collect$$libinit$$00000031  c_p.l(libinit2.o)
    0x08000144   0x00000002   Code   RO          460    .ARM.Collect$$libshutdown$$00000000  c_p.l(libshutdown.o)
    0x08000146   0x00000000   Code   RO          487    .ARM.Collect$$libshutdown$$00000003  c_p.l(libshutdown2.o)
    0x08000146   0x00000000   Code   RO          490    .ARM.Collect$$libshutdown$$00000006  c_p.l(libshutdown2.o)
    0x08000146   0x00000000   Code   RO          493    .ARM.Collect$$libshutdown$$00000009  c_p.l(libshutdown2.o)
    0x08000146   0x00000000   Code   RO          495    .ARM.Collect$$libshutdown$$0000000B  c_p.l(libshutdown2.o)
    0x08000146   0x00000000   Code   RO          498    .ARM.Collect$$libshutdown$$0000000E  c_p.l(libshutdown2.o)
    0x08000146   0x00000002   Code   RO          499    .ARM.Collect$$libshutdown$$0000000F  c_p.l(libshutdown2.o)
    0x08000148   0x00000000   Code   RO          338    .ARM.Collect$$rtentry$$00000000  c_p.l(rtentry.o)
    0x08000148   0x00000000   Code   RO          344    .ARM.Collect$$rtentry$$00000002  c_p.l(rtentry2.o)
    0x08000148   0x00000006   Code   RO          356    .ARM.Collect$$rtentry$$00000004  c_p.l(rtentry4.o)
    0x0800014e   0x00000000   Code   RO          346    .ARM.Collect$$rtentry$$00000009  c_p.l(rtentry2.o)
    0x0800014e   0x00000004   Code   RO          347    .ARM.Collect$$rtentry$$0000000A  c_p.l(rtentry2.o)
    0x08000152   0x00000000   Code   RO          349    .ARM.Collect$$rtentry$$0000000C  c_p.l(rtentry2.o)
    0x08000152   0x00000008   Code   RO          350    .ARM.Collect$$rtentry$$0000000D  c_p.l(rtentry2.o)
    0x0800015a   0x00000002   Code   RO          379    .ARM.Collect$$rtexit$$00000000  c_p.l(rtexit.o)
    0x0800015c   0x00000000   Code   RO          433    .ARM.Collect$$rtexit$$00000002  c_p.l(rtexit2.o)
    0x0800015c   0x00000004   Code   RO          434    .ARM.Collect$$rtexit$$00000003  c_p.l(rtexit2.o)
    0x08000160   0x00000006   Code   RO          435    .ARM.Collect$$rtexit$$00000004  c_p.l(rtexit2.o)
    0x08000166   0x00000002   PAD
    0x08000168   0x000001f4   Code   RO            3    .text               system_stm32f0xx.o
    0x0800035c   0x00000038   Code   RO          114  * .text               startup_stm32f051.o
    0x08000394   0x000006c8   Code   RO          144    .text               stm32f0xx_rcc.o
    0x08000a5c   0x00000590   Code   RO          166    .text               stm32f0xx_usart.o
    0x08000fec   0x00000208   Code   RO          186    .text               stm32f0xx_gpio.o
    0x080011f4   0x000000b4   Code   RO          206    .text               stm32f0xx_misc.o
    0x080012a8   0x00000080   Code   RO          226    .text               nfc_tag_check.o
    0x08001328   0x000000e0   Code   RO          255    .text               util.o
    0x08001408   0x0000025c   Code   RO          280    .text               sic4310.o
    0x08001664   0x00000034   Code   RO          306    .text               tag_protocol_test.o
    0x08001698   0x00000044   Code   RO          326    .text               c_p.l(strlen.o)
    0x080016dc   0x00000088   Code   RO          328    .text               c_p.l(strcmp.o)
    0x08001764   0x0000015a   Code   RO          330    .text               c_p.l(aeabi_sdiv.o)
    0x080018be   0x00000006   Code   RO          334    .text               c_p.l(heapauxi.o)
    0x080018c4   0x0000003e   Code   RO          360    .text               c_p.l(sys_stackheap_outer.o)
    0x08001902   0x0000000c   Code   RO          363    .text               c_p.l(exit.o)
    0x0800190e   0x00000002   PAD
    0x08001910   0x00000008   Code   RO          375    .text               c_p.l(libspace.o)
    0x08001918   0x0000000c   Code   RO          430    .text               c_p.l(sys_exit.o)
    0x08001924   0x00000002   Code   RO          449    .text               c_p.l(use_no_semi.o)
    0x08001926   0x00000000   Code   RO          451    .text               c_p.l(indicate_semi.o)
    0x08001926   0x00000002   PAD
    0x08001928   0x00000020   Data   RO          500    Region$$Table       anon$$obj.o


    Execution Region ER_RW (Base: 0x20000000, Size: 0x0000002c, Max: 0xffffffff, ABSOLUTE)

    Base Addr    Size         Type   Attr      Idx    E Section Name        Object

    0x20000000   0x00000014   Data   RW            4    .data               system_stm32f0xx.o
    0x20000014   0x00000010   Data   RW          145    .data               stm32f0xx_rcc.o
    0x20000024   0x00000004   Data   RW          256    .data               util.o
    0x20000028   0x00000004   Data   RW          282    .data               sic4310.o


    Execution Region ER_ZI (Base: 0x2000002c, Size: 0x00000874, Max: 0xffffffff, ABSOLUTE)

    Base Addr    Size         Type   Attr      Idx    E Section Name        Object

    0x2000002c   0x00000210   Zero   RW          281    .bss                sic4310.o
    0x2000023c   0x00000060   Zero   RW          376    .bss                c_p.l(libspace.o)
    0x2000029c   0x00000004   PAD
    0x200002a0   0x00000200   Zero   RW          112    HEAP                startup_stm32f051.o
    0x200004a0   0x00000400   Zero   RW          111    STACK               startup_stm32f051.o


==============================================================================

Image component sizes


      Code (inc. data)   RO Data    RW Data    ZI Data      Debug   Object Name

       128         38          0          0          0        641   nfc_tag_check.o
       604         44          0          4        528       2712   sic4310.o
        56         26        192          0       1536        596   startup_stm32f051.o
       520         26          0          0          0       3697   stm32f0xx_gpio.o
       180         14          0          0          0       1364   stm32f0xx_misc.o
      1736         46          0         16          0       8940   stm32f0xx_rcc.o
      1424         26          0          0          0      11850   stm32f0xx_usart.o
       500         34          0         20          0     174527   system_stm32f0xx.o
        52         12          0          0          0        595   tag_protocol_test.o
       224         24          0          4          0       7203   util.o

    ----------------------------------------------------------------------
      5424        290        224         44       2064     212125   Object Totals
         0          0         32          0          0          0   (incl. Generated)
         0          0          0          0          0          0   (incl. Padding)

    ----------------------------------------------------------------------

      Code (inc. data)   RO Data    RW Data    ZI Data      Debug   Library Member Name

         8          0          0          0          0         68   __main.o
        60          8          0          0          0          0   __scatter.o
        26          0          0          0          0          0   __scatter_copy.o
        28          0          0          0          0          0   __scatter_zi.o
       346          0          0          0          0         92   aeabi_sdiv.o
        12          0          0          0          0         64   exit.o
         6          0          0          0          0        136   heapauxi.o
         0          0          0          0          0          0   indicate_semi.o
         2          0          0          0          0          0   libinit.o
         6          0          0          0          0          0   libinit2.o
         2          0          0          0          0          0   libshutdown.o
         2          0          0          0          0          0   libshutdown2.o
         8          4          0          0         96         68   libspace.o
         0          0          0          0          0          0   rtentry.o
        12          0          0          0          0          0   rtentry2.o
         6          0          0          0          0          0   rtentry4.o
         2          0          0          0          0          0   rtexit.o
        10          0          0          0          0          0   rtexit2.o
       136          4          0          0          0         72   strcmp.o
        68          6          0          0          0         72   strlen.o
        12          4          0          0          0         60   sys_exit.o
        62          0          0          0          0         80   sys_stackheap_outer.o
         2          0          0          0          0         68   use_no_semi.o

    ----------------------------------------------------------------------
       824         26          0          0        100        780   Library Totals
         8          0          0          0          4          0   (incl. Padding)

    ----------------------------------------------------------------------

      Code (inc. data)   RO Data    RW Data    ZI Data      Debug   Library Name

       816         26          0          0         96        780   c_p.l

    ----------------------------------------------------------------------
       824         26          0          0        100        780   Library Totals

    ----------------------------------------------------------------------

==============================================================================


      Code (inc. data)   RO Data    RW Data    ZI Data      Debug   

      6248        316        224         44       2164     211721   Grand Totals
      6248        316        224         44       2164     211721   ELF Image Totals
      6248        316        224         44          0          0   ROM Totals

==============================================================================

    Total RO  Size (Code + RO Data)                 6472 (   6.32kB)
    Total RW  Size (RW Data + ZI Data)              2208 (   2.16kB)
    Total ROM Size (Code + RO Data + RW Data)       6516 (   6.36kB)

==============================================================================

