ARM Linker, 5.03 [Build 76] [MDK-ARM Lite]

==============================================================================

Section Cross References

    startup_stm32f051.o(STACK) refers (Special) to heapauxi.o(.text) for __use_two_region_memory
    startup_stm32f051.o(HEAP) refers (Special) to heapauxi.o(.text) for __use_two_region_memory
    startup_stm32f051.o(RESET) refers (Special) to heapauxi.o(.text) for __use_two_region_memory
    startup_stm32f051.o(RESET) refers to startup_stm32f051.o(STACK) for __initial_sp
    startup_stm32f051.o(RESET) refers to startup_stm32f051.o(.text) for Reset_Handler
    startup_stm32f051.o(RESET) refers to util.o(.text) for SysTick_Handler
    startup_stm32f051.o(RESET) refers to servolib.o(.text) for TIM2_IRQHandler
    startup_stm32f051.o(RESET) refers to sic4310.o(.text) for USART1_IRQHandler
    startup_stm32f051.o(.text) refers (Special) to heapauxi.o(.text) for __use_two_region_memory
    startup_stm32f051.o(.text) refers to system_stm32f0xx.o(.text) for SystemInit
    startup_stm32f051.o(.text) refers to __main.o(!!!main) for __main
    startup_stm32f051.o(.text) refers to startup_stm32f051.o(HEAP) for Heap_Mem
    startup_stm32f051.o(.text) refers to startup_stm32f051.o(STACK) for Stack_Mem
    system_stm32f0xx.o(.text) refers to aeabi_sdiv.o(.text) for __aeabi_uidivmod
    system_stm32f0xx.o(.text) refers to system_stm32f0xx.o(.data) for SystemCoreClock
    stm32f0xx_gpio.o(.text) refers to stm32f0xx_rcc.o(.text) for RCC_AHBPeriphResetCmd
    stm32f0xx_rcc.o(.text) refers to aeabi_sdiv.o(.text) for __aeabi_uidivmod
    stm32f0xx_rcc.o(.text) refers to stm32f0xx_rcc.o(.data) for APBAHBPrescTable
    stm32f0xx_usart.o(.text) refers to stm32f0xx_rcc.o(.text) for RCC_APB2PeriphResetCmd
    stm32f0xx_usart.o(.text) refers to aeabi_sdiv.o(.text) for __aeabi_uidivmod
    stm32f0xx_tim.o(.text) refers to stm32f0xx_rcc.o(.text) for RCC_APB2PeriphResetCmd
    main_nfc.o(.text) refers to sic4310.o(.text) for SIC4310_config
    main_nfc.o(.text) refers to util.o(.text) for timebase_config
    main_nfc.o(.text) refers to servolib.o(.text) for Servo_fcn
    main_nfc.o(.text) refers to protocol.o(.text) for checktag
    util.o(.text) refers to aeabi_sdiv.o(.text) for __aeabi_uidivmod
    util.o(.text) refers to util.o(.data) for Tick
    util.o(.text) refers to system_stm32f0xx.o(.data) for SystemCoreClock
    sic4310.o(.text) refers to stm32f0xx_rcc.o(.text) for RCC_AHBPeriphClockCmd
    sic4310.o(.text) refers to stm32f0xx_gpio.o(.text) for GPIO_PinAFConfig
    sic4310.o(.text) refers to stm32f0xx_usart.o(.text) for USART_Init
    sic4310.o(.text) refers to stm32f0xx_misc.o(.text) for NVIC_Init
    sic4310.o(.text) refers to strcmp.o(.text) for strcmp
    sic4310.o(.text) refers to sic4310.o(.bss) for _rx_buffer
    sic4310.o(.text) refers to sic4310.o(.data) for transmitting
    servolib.o(.text) refers to stm32f0xx_tim.o(.text) for TIM_GetITStatus
    servolib.o(.text) refers to stm32f0xx_rcc.o(.text) for RCC_AHBPeriphClockCmd
    servolib.o(.text) refers to aeabi_sdiv.o(.text) for __aeabi_uidivmod
    servolib.o(.text) refers to stm32f0xx_misc.o(.text) for NVIC_Init
    servolib.o(.text) refers to stm32f0xx_gpio.o(.text) for GPIO_Init
    servolib.o(.text) refers to servolib.o(.data) for PulseWidth
    servolib.o(.text) refers to system_stm32f0xx.o(.data) for SystemCoreClock
    servolib.o(.text) refers to servolib.o(.bss) for T
    protocol.o(.text) refers to strlen.o(.text) for strlen
    protocol.o(.text) refers to strncpy.o(.text) for strncpy
    protocol.o(.text) refers to strcmp.o(.text) for strcmp
    strncpy.o(.text) refers to rt_memclr.o(.text) for __rt_memclr
    __main.o(!!!main) refers to rtentry.o(.ARM.Collect$$rtentry$$00000000) for __rt_entry
    rtentry.o(.ARM.Collect$$rtentry$$00000000) refers (Special) to rtentry2.o(.ARM.Collect$$rtentry$$0000000A) for __rt_entry_li
    rtentry.o(.ARM.Collect$$rtentry$$00000000) refers (Special) to rtentry2.o(.ARM.Collect$$rtentry$$0000000D) for __rt_entry_main
    rtentry.o(.ARM.Collect$$rtentry$$00000000) refers (Special) to rtentry2.o(.ARM.Collect$$rtentry$$0000000C) for __rt_entry_postli_1
    rtentry.o(.ARM.Collect$$rtentry$$00000000) refers (Special) to rtentry2.o(.ARM.Collect$$rtentry$$00000009) for __rt_entry_postsh_1
    rtentry.o(.ARM.Collect$$rtentry$$00000000) refers (Special) to rtentry2.o(.ARM.Collect$$rtentry$$00000002) for __rt_entry_presh_1
    rtentry.o(.ARM.Collect$$rtentry$$00000000) refers (Special) to rtentry4.o(.ARM.Collect$$rtentry$$00000004) for __rt_entry_sh
    aeabi_idiv0_sigfpe.o(.text) refers to rt_div0.o(.text) for __rt_div0
    rtentry2.o(.ARM.Collect$$rtentry$$00000008) refers to boardinit2.o(.text) for _platform_post_stackheap_init
    rtentry2.o(.ARM.Collect$$rtentry$$0000000A) refers to libinit.o(.ARM.Collect$$libinit$$00000000) for __rt_lib_init
    rtentry2.o(.ARM.Collect$$rtentry$$0000000B) refers to boardinit3.o(.text) for _platform_post_lib_init
    rtentry2.o(.ARM.Collect$$rtentry$$0000000D) refers to main_nfc.o(.text) for main
    rtentry2.o(.ARM.Collect$$rtentry$$0000000D) refers to exit.o(.text) for exit
    rtentry2.o(.ARM.exidx) refers to rtentry2.o(.ARM.Collect$$rtentry$$00000001) for .ARM.Collect$$rtentry$$00000001
    rtentry2.o(.ARM.exidx) refers to rtentry2.o(.ARM.Collect$$rtentry$$00000008) for .ARM.Collect$$rtentry$$00000008
    rtentry2.o(.ARM.exidx) refers to rtentry2.o(.ARM.Collect$$rtentry$$0000000A) for .ARM.Collect$$rtentry$$0000000A
    rtentry2.o(.ARM.exidx) refers to rtentry2.o(.ARM.Collect$$rtentry$$0000000B) for .ARM.Collect$$rtentry$$0000000B
    rtentry2.o(.ARM.exidx) refers to rtentry2.o(.ARM.Collect$$rtentry$$0000000D) for .ARM.Collect$$rtentry$$0000000D
    rtentry4.o(.ARM.Collect$$rtentry$$00000004) refers to sys_stackheap_outer.o(.text) for __user_setup_stackheap
    rtentry4.o(.ARM.exidx) refers to rtentry4.o(.ARM.Collect$$rtentry$$00000004) for .ARM.Collect$$rtentry$$00000004
    rt_div0.o(.text) refers to defsig_fpe_outer.o(.text) for __rt_SIGFPE
    sys_stackheap_outer.o(.text) refers to libspace.o(.text) for __user_perproc_libspace
    sys_stackheap_outer.o(.text) refers to startup_stm32f051.o(.text) for __user_initial_stackheap
    sys_stackheap_outer.o(__vectab_stack_and_reset_area) refers to tempstk.o(.text) for __temporary_stack_top
    sys_stackheap_outer.o(__vectab_stack_and_reset_area) refers to __main.o(!!!main) for __main
    exit.o(.text) refers to rtexit.o(.ARM.Collect$$rtexit$$00000000) for __rt_exit
    defsig_fpe_outer.o(.text) refers to defsig_fpe_inner.o(.text) for __rt_SIGFPE_inner
    defsig_fpe_outer.o(.text) refers to defsig_exit.o(.text) for __sig_exit
    defsig_fpe_formal.o(.text) refers to rt_raise.o(.text) for __rt_raise
    libinit.o(.ARM.Collect$$libinit$$00000000) refers (Special) to libinit2.o(.ARM.Collect$$libinit$$0000002C) for __rt_lib_init_alloca_1
    libinit.o(.ARM.Collect$$libinit$$00000000) refers (Special) to libinit2.o(.ARM.Collect$$libinit$$0000002A) for __rt_lib_init_argv_1
    libinit.o(.ARM.Collect$$libinit$$00000000) refers (Special) to libinit2.o(.ARM.Collect$$libinit$$00000019) for __rt_lib_init_atexit_1
    libinit.o(.ARM.Collect$$libinit$$00000000) refers (Special) to libinit2.o(.ARM.Collect$$libinit$$0000001F) for __rt_lib_init_clock_1
    libinit.o(.ARM.Collect$$libinit$$00000000) refers (Special) to libinit2.o(.ARM.Collect$$libinit$$00000030) for __rt_lib_init_cpp_1
    libinit.o(.ARM.Collect$$libinit$$00000000) refers (Special) to libinit2.o(.ARM.Collect$$libinit$$0000002E) for __rt_lib_init_exceptions_1
    libinit.o(.ARM.Collect$$libinit$$00000000) refers (Special) to libinit2.o(.ARM.Collect$$libinit$$00000001) for __rt_lib_init_fp_1
    libinit.o(.ARM.Collect$$libinit$$00000000) refers (Special) to libinit2.o(.ARM.Collect$$libinit$$0000001D) for __rt_lib_init_fp_trap_1
    libinit.o(.ARM.Collect$$libinit$$00000000) refers (Special) to libinit2.o(.ARM.Collect$$libinit$$00000021) for __rt_lib_init_getenv_1
    libinit.o(.ARM.Collect$$libinit$$00000000) refers (Special) to libinit2.o(.ARM.Collect$$libinit$$00000008) for __rt_lib_init_heap_1
    libinit.o(.ARM.Collect$$libinit$$00000000) refers (Special) to libinit2.o(.ARM.Collect$$libinit$$0000000F) for __rt_lib_init_lc_collate_1
    libinit.o(.ARM.Collect$$libinit$$00000000) refers (Special) to libinit2.o(.ARM.Collect$$libinit$$00000011) for __rt_lib_init_lc_ctype_1
    libinit.o(.ARM.Collect$$libinit$$00000000) refers (Special) to libinit2.o(.ARM.Collect$$libinit$$00000013) for __rt_lib_init_lc_monetary_1
    libinit.o(.ARM.Collect$$libinit$$00000000) refers (Special) to libinit2.o(.ARM.Collect$$libinit$$00000015) for __rt_lib_init_lc_numeric_1
    libinit.o(.ARM.Collect$$libinit$$00000000) refers (Special) to libinit2.o(.ARM.Collect$$libinit$$00000017) for __rt_lib_init_lc_time_1
    libinit.o(.ARM.Collect$$libinit$$00000000) refers (Special) to libinit2.o(.ARM.Collect$$libinit$$0000000C) for __rt_lib_init_rand_1
    libinit.o(.ARM.Collect$$libinit$$00000000) refers (Special) to libinit2.o(.ARM.Collect$$libinit$$00000031) for __rt_lib_init_return
    libinit.o(.ARM.Collect$$libinit$$00000000) refers (Special) to libinit2.o(.ARM.Collect$$libinit$$0000001B) for __rt_lib_init_signal_1
    libinit.o(.ARM.Collect$$libinit$$00000000) refers (Special) to libinit2.o(.ARM.Collect$$libinit$$00000023) for __rt_lib_init_stdio_1
    libinit.o(.ARM.Collect$$libinit$$00000000) refers (Special) to libinit2.o(.ARM.Collect$$libinit$$0000000A) for __rt_lib_init_user_alloc_1
    libspace.o(.text) refers to libspace.o(.bss) for __libspace_start
    rtexit.o(.ARM.Collect$$rtexit$$00000000) refers (Special) to rtexit2.o(.ARM.Collect$$rtexit$$00000004) for __rt_exit_exit
    rtexit.o(.ARM.Collect$$rtexit$$00000000) refers (Special) to rtexit2.o(.ARM.Collect$$rtexit$$00000003) for __rt_exit_ls
    rtexit.o(.ARM.Collect$$rtexit$$00000000) refers (Special) to rtexit2.o(.ARM.Collect$$rtexit$$00000002) for __rt_exit_prels_1
    rtexit.o(.ARM.exidx) refers (Special) to rtexit2.o(.ARM.Collect$$rtexit$$00000004) for __rt_exit_exit
    rtexit.o(.ARM.exidx) refers (Special) to rtexit2.o(.ARM.Collect$$rtexit$$00000003) for __rt_exit_ls
    rtexit.o(.ARM.exidx) refers (Special) to rtexit2.o(.ARM.Collect$$rtexit$$00000002) for __rt_exit_prels_1
    rtexit.o(.ARM.exidx) refers to rtexit.o(.ARM.Collect$$rtexit$$00000000) for .ARM.Collect$$rtexit$$00000000
    rt_raise.o(.text) refers to __raise.o(.text) for __raise
    rt_raise.o(.text) refers to sys_exit.o(.text) for _sys_exit
    defsig_exit.o(.text) refers to sys_exit.o(.text) for _sys_exit
    defsig_fpe_inner.o(.text) refers to defsig_general.o(.text) for __default_signal_display
    libinit2.o(.ARM.Collect$$libinit$$0000000E) refers to libinit2.o(.ARM.Collect$$libinit$$0000000D) for .ARM.Collect$$libinit$$0000000D
    libinit2.o(.ARM.Collect$$libinit$$00000010) refers to libinit2.o(.ARM.Collect$$libinit$$0000000D) for .ARM.Collect$$libinit$$0000000D
    libinit2.o(.ARM.Collect$$libinit$$00000012) refers to libinit2.o(.ARM.Collect$$libinit$$0000000D) for .ARM.Collect$$libinit$$0000000D
    libinit2.o(.ARM.Collect$$libinit$$00000014) refers to libinit2.o(.ARM.Collect$$libinit$$0000000D) for .ARM.Collect$$libinit$$0000000D
    libinit2.o(.ARM.Collect$$libinit$$00000016) refers to libinit2.o(.ARM.Collect$$libinit$$0000000D) for .ARM.Collect$$libinit$$0000000D
    libinit2.o(.ARM.Collect$$libinit$$00000024) refers to argv_veneer.o(.text) for __ARM_argv_veneer
    libinit2.o(.ARM.Collect$$libinit$$00000025) refers to argv_veneer.o(.text) for __ARM_argv_veneer
    sys_exit.o(.text) refers (Special) to use_no_semi.o(.text) for __I$use$semihosting
    sys_exit.o(.text) refers (Special) to indicate_semi.o(.text) for __semihosting_library_function
    rtexit2.o(.ARM.Collect$$rtexit$$00000003) refers to libshutdown.o(.ARM.Collect$$libshutdown$$00000000) for __rt_lib_shutdown
    rtexit2.o(.ARM.Collect$$rtexit$$00000004) refers to sys_exit.o(.text) for _sys_exit
    rtexit2.o(.ARM.exidx) refers to rtexit2.o(.ARM.Collect$$rtexit$$00000001) for .ARM.Collect$$rtexit$$00000001
    rtexit2.o(.ARM.exidx) refers to rtexit2.o(.ARM.Collect$$rtexit$$00000003) for .ARM.Collect$$rtexit$$00000003
    rtexit2.o(.ARM.exidx) refers to rtexit2.o(.ARM.Collect$$rtexit$$00000004) for .ARM.Collect$$rtexit$$00000004
    __raise.o(.text) refers to defsig.o(CL$$defsig) for __default_signal_handler
    defsig_general.o(.text) refers to sys_wrch.o(.text) for _ttywrch
    sys_wrch.o(.text) refers (Special) to use_no_semi.o(.text) for __I$use$semihosting
    sys_wrch.o(.text) refers (Special) to indicate_semi.o(.text) for __semihosting_library_function
    defsig.o(CL$$defsig) refers to defsig_fpe_inner.o(.text) for __rt_SIGFPE_inner
    defsig.o(CL$$defsig) refers to defsig_rtmem_inner.o(.text) for __rt_SIGRTMEM_inner
    _get_argv_nomalloc.o(.text) refers (Special) to hrguard.o(.text) for __heap_region$guard
    _get_argv_nomalloc.o(.text) refers to defsig_rtmem_outer.o(.text) for __rt_SIGRTMEM
    _get_argv_nomalloc.o(.text) refers to sys_command.o(.text) for _sys_command_string
    libshutdown.o(.ARM.Collect$$libshutdown$$00000000) refers (Special) to libshutdown2.o(.ARM.Collect$$libshutdown$$00000006) for __rt_lib_shutdown_fp_trap_1
    libshutdown.o(.ARM.Collect$$libshutdown$$00000000) refers (Special) to libshutdown2.o(.ARM.Collect$$libshutdown$$0000000E) for __rt_lib_shutdown_heap_1
    libshutdown.o(.ARM.Collect$$libshutdown$$00000000) refers (Special) to libshutdown2.o(.ARM.Collect$$libshutdown$$0000000F) for __rt_lib_shutdown_return
    libshutdown.o(.ARM.Collect$$libshutdown$$00000000) refers (Special) to libshutdown2.o(.ARM.Collect$$libshutdown$$00000009) for __rt_lib_shutdown_signal_1
    libshutdown.o(.ARM.Collect$$libshutdown$$00000000) refers (Special) to libshutdown2.o(.ARM.Collect$$libshutdown$$00000003) for __rt_lib_shutdown_stdio_1
    libshutdown.o(.ARM.Collect$$libshutdown$$00000000) refers (Special) to libshutdown2.o(.ARM.Collect$$libshutdown$$0000000B) for __rt_lib_shutdown_user_alloc_1
    sys_command.o(.text) refers (Special) to use_no_semi.o(.text) for __I$use$semihosting
    sys_command.o(.text) refers (Special) to indicate_semi.o(.text) for __semihosting_library_function
    defsig_abrt_inner.o(.text) refers to defsig_general.o(.text) for __default_signal_display
    defsig_rtred_inner.o(.text) refers to defsig_general.o(.text) for __default_signal_display
    defsig_rtmem_inner.o(.text) refers to defsig_general.o(.text) for __default_signal_display
    defsig_rtmem_outer.o(.text) refers to defsig_rtmem_inner.o(.text) for __rt_SIGRTMEM_inner
    defsig_rtmem_outer.o(.text) refers to defsig_exit.o(.text) for __sig_exit
    defsig_rtmem_formal.o(.text) refers to rt_raise.o(.text) for __rt_raise
    defsig_stak_inner.o(.text) refers to defsig_general.o(.text) for __default_signal_display
    defsig_pvfn_inner.o(.text) refers to defsig_general.o(.text) for __default_signal_display
    defsig_cppl_inner.o(.text) refers to defsig_general.o(.text) for __default_signal_display
    defsig_segv_inner.o(.text) refers to defsig_general.o(.text) for __default_signal_display
    defsig_other.o(.text) refers to defsig_general.o(.text) for __default_signal_display


==============================================================================

Removing Unused input sections from the image.

    Removing system_stm32f0xx.o(.rev16_text), (4 bytes).
    Removing system_stm32f0xx.o(.revsh_text), (4 bytes).
    Removing stm32f0xx_gpio.o(.rev16_text), (4 bytes).
    Removing stm32f0xx_gpio.o(.revsh_text), (4 bytes).
    Removing stm32f0xx_rcc.o(.rev16_text), (4 bytes).
    Removing stm32f0xx_rcc.o(.revsh_text), (4 bytes).
    Removing stm32f0xx_usart.o(.rev16_text), (4 bytes).
    Removing stm32f0xx_usart.o(.revsh_text), (4 bytes).
    Removing stm32f0xx_misc.o(.rev16_text), (4 bytes).
    Removing stm32f0xx_misc.o(.revsh_text), (4 bytes).
    Removing stm32f0xx_tim.o(.rev16_text), (4 bytes).
    Removing stm32f0xx_tim.o(.revsh_text), (4 bytes).
    Removing main_nfc.o(.rev16_text), (4 bytes).
    Removing main_nfc.o(.revsh_text), (4 bytes).
    Removing util.o(.rev16_text), (4 bytes).
    Removing util.o(.revsh_text), (4 bytes).
    Removing sic4310.o(.rev16_text), (4 bytes).
    Removing sic4310.o(.revsh_text), (4 bytes).
    Removing servolib.o(.rev16_text), (4 bytes).
    Removing servolib.o(.revsh_text), (4 bytes).
    Removing protocol.o(.rev16_text), (4 bytes).
    Removing protocol.o(.revsh_text), (4 bytes).

22 unused section(s) (total 88 bytes) removed from the image.

==============================================================================

Image Symbol Table

    Local Symbols

    Symbol Name                              Value     Ov Type        Size  Object(Section)

    ../clib/angel/boardlib.s                 0x00000000   Number         0  boardinit2.o ABSOLUTE
    ../clib/angel/boardlib.s                 0x00000000   Number         0  boardinit3.o ABSOLUTE
    ../clib/angel/boardlib.s                 0x00000000   Number         0  boardshut.o ABSOLUTE
    ../clib/angel/boardlib.s                 0x00000000   Number         0  boardinit1.o ABSOLUTE
    ../clib/angel/handlers.s                 0x00000000   Number         0  __scatter_zi.o ABSOLUTE
    ../clib/angel/handlers.s                 0x00000000   Number         0  __scatter_copy.o ABSOLUTE
    ../clib/angel/kernel.s                   0x00000000   Number         0  rtentry2.o ABSOLUTE
    ../clib/angel/kernel.s                   0x00000000   Number         0  rtentry.o ABSOLUTE
    ../clib/angel/kernel.s                   0x00000000   Number         0  rtexit2.o ABSOLUTE
    ../clib/angel/kernel.s                   0x00000000   Number         0  rtentry4.o ABSOLUTE
    ../clib/angel/kernel.s                   0x00000000   Number         0  rtexit.o ABSOLUTE
    ../clib/angel/rt.s                       0x00000000   Number         0  aeabi_idiv0.o ABSOLUTE
    ../clib/angel/rt.s                       0x00000000   Number         0  aeabi_idiv0_sigfpe.o ABSOLUTE
    ../clib/angel/rt.s                       0x00000000   Number         0  rt_div0.o ABSOLUTE
    ../clib/angel/rt.s                       0x00000000   Number         0  rt_raise.o ABSOLUTE
    ../clib/angel/scatterp.s                 0x00000000   Number         0  __scatter.o ABSOLUTE
    ../clib/angel/startup.s                  0x00000000   Number         0  __main.o ABSOLUTE
    ../clib/angel/sys.s                      0x00000000   Number         0  sys_stackheap_outer.o ABSOLUTE
    ../clib/angel/sys.s                      0x00000000   Number         0  tempstk.o ABSOLUTE
    ../clib/angel/sys.s                      0x00000000   Number         0  libspace.o ABSOLUTE
    ../clib/angel/sys.s                      0x00000000   Number         0  indicate_semi.o ABSOLUTE
    ../clib/angel/sys.s                      0x00000000   Number         0  use_no_semi.o ABSOLUTE
    ../clib/angel/sysapp.c                   0x00000000   Number         0  sys_exit.o ABSOLUTE
    ../clib/angel/sysapp.c                   0x00000000   Number         0  sys_wrch.o ABSOLUTE
    ../clib/angel/sysapp.c                   0x00000000   Number         0  sys_command.o ABSOLUTE
    ../clib/armsys.c                         0x00000000   Number         0  _get_argv_nomalloc.o ABSOLUTE
    ../clib/armsys.c                         0x00000000   Number         0  no_argv.o ABSOLUTE
    ../clib/armsys.c                         0x00000000   Number         0  argv_veneer.o ABSOLUTE
    ../clib/division.s                       0x00000000   Number         0  aeabi_sdiv.o ABSOLUTE
    ../clib/division.s                       0x00000000   Number         0  aeabi_sdiv_div0.o ABSOLUTE
    ../clib/heapalloc.c                      0x00000000   Number         0  hrguard.o ABSOLUTE
    ../clib/heapaux.c                        0x00000000   Number         0  heapauxi.o ABSOLUTE
    ../clib/libinit.s                        0x00000000   Number         0  libinit.o ABSOLUTE
    ../clib/libinit.s                        0x00000000   Number         0  libshutdown.o ABSOLUTE
    ../clib/libinit.s                        0x00000000   Number         0  libinit2.o ABSOLUTE
    ../clib/libinit.s                        0x00000000   Number         0  libshutdown2.o ABSOLUTE
    ../clib/memcpset.c                       0x00000000   Number         0  rt_memclr.o ABSOLUTE
    ../clib/signal.c                         0x00000000   Number         0  defsig_cppl_inner.o ABSOLUTE
    ../clib/signal.c                         0x00000000   Number         0  defsig_pvfn_inner.o ABSOLUTE
    ../clib/signal.c                         0x00000000   Number         0  defsig_stak_inner.o ABSOLUTE
    ../clib/signal.c                         0x00000000   Number         0  defsig_rtmem_outer.o ABSOLUTE
    ../clib/signal.c                         0x00000000   Number         0  defsig_rtmem_inner.o ABSOLUTE
    ../clib/signal.c                         0x00000000   Number         0  defsig_rtred_inner.o ABSOLUTE
    ../clib/signal.c                         0x00000000   Number         0  defsig_rtmem_formal.o ABSOLUTE
    ../clib/signal.c                         0x00000000   Number         0  defsig_general.o ABSOLUTE
    ../clib/signal.c                         0x00000000   Number         0  __raise.o ABSOLUTE
    ../clib/signal.c                         0x00000000   Number         0  defsig_fpe_inner.o ABSOLUTE
    ../clib/signal.c                         0x00000000   Number         0  defsig_exit.o ABSOLUTE
    ../clib/signal.c                         0x00000000   Number         0  defsig_abrt_inner.o ABSOLUTE
    ../clib/signal.c                         0x00000000   Number         0  defsig_other.o ABSOLUTE
    ../clib/signal.c                         0x00000000   Number         0  defsig_fpe_formal.o ABSOLUTE
    ../clib/signal.c                         0x00000000   Number         0  defsig_fpe_outer.o ABSOLUTE
    ../clib/signal.c                         0x00000000   Number         0  defsig_segv_inner.o ABSOLUTE
    ../clib/signal.s                         0x00000000   Number         0  defsig.o ABSOLUTE
    ../clib/stdlib.c                         0x00000000   Number         0  exit.o ABSOLUTE
    ../clib/string.c                         0x00000000   Number         0  strlen.o ABSOLUTE
    ../clib/string.c                         0x00000000   Number         0  strncpy.o ABSOLUTE
    ../clib/string.c                         0x00000000   Number         0  strcmp.o ABSOLUTE
    ../fplib/cfplib/fpinit.c                 0x00000000   Number         0  fpinit.o ABSOLUTE
    dc.s                                     0x00000000   Number         0  dc.o ABSOLUTE
    libs\STM32F0xx_StdPeriph_Driver\src\stm32f0xx_gpio.c 0x00000000   Number         0  stm32f0xx_gpio.o ABSOLUTE
    libs\STM32F0xx_StdPeriph_Driver\src\stm32f0xx_misc.c 0x00000000   Number         0  stm32f0xx_misc.o ABSOLUTE
    libs\STM32F0xx_StdPeriph_Driver\src\stm32f0xx_rcc.c 0x00000000   Number         0  stm32f0xx_rcc.o ABSOLUTE
    libs\STM32F0xx_StdPeriph_Driver\src\stm32f0xx_tim.c 0x00000000   Number         0  stm32f0xx_tim.o ABSOLUTE
    libs\STM32F0xx_StdPeriph_Driver\src\stm32f0xx_usart.c 0x00000000   Number         0  stm32f0xx_usart.o ABSOLUTE
    libs\\STM32F0xx_StdPeriph_Driver\\src\\stm32f0xx_gpio.c 0x00000000   Number         0  stm32f0xx_gpio.o ABSOLUTE
    libs\\STM32F0xx_StdPeriph_Driver\\src\\stm32f0xx_misc.c 0x00000000   Number         0  stm32f0xx_misc.o ABSOLUTE
    libs\\STM32F0xx_StdPeriph_Driver\\src\\stm32f0xx_rcc.c 0x00000000   Number         0  stm32f0xx_rcc.o ABSOLUTE
    libs\\STM32F0xx_StdPeriph_Driver\\src\\stm32f0xx_tim.c 0x00000000   Number         0  stm32f0xx_tim.o ABSOLUTE
    libs\\STM32F0xx_StdPeriph_Driver\\src\\stm32f0xx_usart.c 0x00000000   Number         0  stm32f0xx_usart.o ABSOLUTE
    main_nfc\\main_nfc.c                     0x00000000   Number         0  main_nfc.o ABSOLUTE
    main_nfc\main_nfc.c                      0x00000000   Number         0  main_nfc.o ABSOLUTE
    protocol.c                               0x00000000   Number         0  protocol.o ABSOLUTE
    protocol.c                               0x00000000   Number         0  protocol.o ABSOLUTE
    src\\servolib.c                          0x00000000   Number         0  servolib.o ABSOLUTE
    src\\sic4310.c                           0x00000000   Number         0  sic4310.o ABSOLUTE
    src\\system_stm32f0xx.c                  0x00000000   Number         0  system_stm32f0xx.o ABSOLUTE
    src\\util.c                              0x00000000   Number         0  util.o ABSOLUTE
    src\servolib.c                           0x00000000   Number         0  servolib.o ABSOLUTE
    src\sic4310.c                            0x00000000   Number         0  sic4310.o ABSOLUTE
    src\startup_stm32f051.s                  0x00000000   Number         0  startup_stm32f051.o ABSOLUTE
    src\system_stm32f0xx.c                   0x00000000   Number         0  system_stm32f0xx.o ABSOLUTE
    src\util.c                               0x00000000   Number         0  util.o ABSOLUTE
    RESET                                    0x08000000   Section      192  startup_stm32f051.o(RESET)
    !!!main                                  0x080000c0   Section        8  __main.o(!!!main)
    !!!scatter                               0x080000c8   Section       60  __scatter.o(!!!scatter)
    !!handler_copy                           0x08000104   Section       26  __scatter_copy.o(!!handler_copy)
    !!handler_zi                             0x08000120   Section       28  __scatter_zi.o(!!handler_zi)
    .ARM.Collect$$libinit$$00000000          0x0800013c   Section        2  libinit.o(.ARM.Collect$$libinit$$00000000)
    .ARM.Collect$$libinit$$00000001          0x0800013e   Section        4  libinit2.o(.ARM.Collect$$libinit$$00000001)
    .ARM.Collect$$libinit$$00000008          0x08000142   Section        0  libinit2.o(.ARM.Collect$$libinit$$00000008)
    .ARM.Collect$$libinit$$0000000A          0x08000142   Section        0  libinit2.o(.ARM.Collect$$libinit$$0000000A)
    .ARM.Collect$$libinit$$0000000C          0x08000142   Section        0  libinit2.o(.ARM.Collect$$libinit$$0000000C)
    .ARM.Collect$$libinit$$0000000F          0x08000142   Section        0  libinit2.o(.ARM.Collect$$libinit$$0000000F)
    .ARM.Collect$$libinit$$00000011          0x08000142   Section        0  libinit2.o(.ARM.Collect$$libinit$$00000011)
    .ARM.Collect$$libinit$$00000013          0x08000142   Section        0  libinit2.o(.ARM.Collect$$libinit$$00000013)
    .ARM.Collect$$libinit$$00000015          0x08000142   Section        0  libinit2.o(.ARM.Collect$$libinit$$00000015)
    .ARM.Collect$$libinit$$00000017          0x08000142   Section        0  libinit2.o(.ARM.Collect$$libinit$$00000017)
    .ARM.Collect$$libinit$$00000019          0x08000142   Section        0  libinit2.o(.ARM.Collect$$libinit$$00000019)
    .ARM.Collect$$libinit$$0000001B          0x08000142   Section        0  libinit2.o(.ARM.Collect$$libinit$$0000001B)
    .ARM.Collect$$libinit$$0000001D          0x08000142   Section        0  libinit2.o(.ARM.Collect$$libinit$$0000001D)
    .ARM.Collect$$libinit$$0000001F          0x08000142   Section        0  libinit2.o(.ARM.Collect$$libinit$$0000001F)
    .ARM.Collect$$libinit$$00000021          0x08000142   Section        0  libinit2.o(.ARM.Collect$$libinit$$00000021)
    .ARM.Collect$$libinit$$00000023          0x08000142   Section        0  libinit2.o(.ARM.Collect$$libinit$$00000023)
    .ARM.Collect$$libinit$$0000002A          0x08000142   Section        0  libinit2.o(.ARM.Collect$$libinit$$0000002A)
    .ARM.Collect$$libinit$$0000002C          0x08000142   Section        0  libinit2.o(.ARM.Collect$$libinit$$0000002C)
    .ARM.Collect$$libinit$$0000002E          0x08000142   Section        0  libinit2.o(.ARM.Collect$$libinit$$0000002E)
    .ARM.Collect$$libinit$$00000030          0x08000142   Section        0  libinit2.o(.ARM.Collect$$libinit$$00000030)
    .ARM.Collect$$libinit$$00000031          0x08000142   Section        2  libinit2.o(.ARM.Collect$$libinit$$00000031)
    .ARM.Collect$$libshutdown$$00000000      0x08000144   Section        2  libshutdown.o(.ARM.Collect$$libshutdown$$00000000)
    .ARM.Collect$$libshutdown$$00000003      0x08000146   Section        0  libshutdown2.o(.ARM.Collect$$libshutdown$$00000003)
    .ARM.Collect$$libshutdown$$00000006      0x08000146   Section        0  libshutdown2.o(.ARM.Collect$$libshutdown$$00000006)
    .ARM.Collect$$libshutdown$$00000009      0x08000146   Section        0  libshutdown2.o(.ARM.Collect$$libshutdown$$00000009)
    .ARM.Collect$$libshutdown$$0000000B      0x08000146   Section        0  libshutdown2.o(.ARM.Collect$$libshutdown$$0000000B)
    .ARM.Collect$$libshutdown$$0000000E      0x08000146   Section        0  libshutdown2.o(.ARM.Collect$$libshutdown$$0000000E)
    .ARM.Collect$$libshutdown$$0000000F      0x08000146   Section        2  libshutdown2.o(.ARM.Collect$$libshutdown$$0000000F)
    .ARM.Collect$$rtentry$$00000000          0x08000148   Section        0  rtentry.o(.ARM.Collect$$rtentry$$00000000)
    .ARM.Collect$$rtentry$$00000002          0x08000148   Section        0  rtentry2.o(.ARM.Collect$$rtentry$$00000002)
    .ARM.Collect$$rtentry$$00000004          0x08000148   Section        6  rtentry4.o(.ARM.Collect$$rtentry$$00000004)
    .ARM.Collect$$rtentry$$00000009          0x0800014e   Section        0  rtentry2.o(.ARM.Collect$$rtentry$$00000009)
    .ARM.Collect$$rtentry$$0000000A          0x0800014e   Section        4  rtentry2.o(.ARM.Collect$$rtentry$$0000000A)
    .ARM.Collect$$rtentry$$0000000C          0x08000152   Section        0  rtentry2.o(.ARM.Collect$$rtentry$$0000000C)
    .ARM.Collect$$rtentry$$0000000D          0x08000152   Section        8  rtentry2.o(.ARM.Collect$$rtentry$$0000000D)
    .ARM.Collect$$rtexit$$00000000           0x0800015a   Section        2  rtexit.o(.ARM.Collect$$rtexit$$00000000)
    .ARM.Collect$$rtexit$$00000002           0x0800015c   Section        0  rtexit2.o(.ARM.Collect$$rtexit$$00000002)
    .ARM.Collect$$rtexit$$00000003           0x0800015c   Section        4  rtexit2.o(.ARM.Collect$$rtexit$$00000003)
    .ARM.Collect$$rtexit$$00000004           0x08000160   Section        6  rtexit2.o(.ARM.Collect$$rtexit$$00000004)
    .text                                    0x08000168   Section       56  startup_stm32f051.o(.text)
    .text                                    0x080001a0   Section        0  system_stm32f0xx.o(.text)
    SetSysClock                              0x080001a1   Thumb Code   202  system_stm32f0xx.o(.text)
    .text                                    0x08000394   Section        0  stm32f0xx_gpio.o(.text)
    .text                                    0x0800059c   Section        0  stm32f0xx_rcc.o(.text)
    .text                                    0x08000c64   Section        0  stm32f0xx_usart.o(.text)
    .text                                    0x080011f4   Section        0  stm32f0xx_misc.o(.text)
    .text                                    0x080012a8   Section        0  stm32f0xx_tim.o(.text)
    TI4_Config                               0x08001a11   Thumb Code    66  stm32f0xx_tim.o(.text)
    TI3_Config                               0x08001a65   Thumb Code    66  stm32f0xx_tim.o(.text)
    TI2_Config                               0x08001af5   Thumb Code    66  stm32f0xx_tim.o(.text)
    TI1_Config                               0x08001b49   Thumb Code    54  stm32f0xx_tim.o(.text)
    .text                                    0x08001ea8   Section        0  main_nfc.o(.text)
    .text                                    0x08001f90   Section        0  util.o(.text)
    NVIC_SetPriority                         0x08001feb   Thumb Code   110  util.o(.text)
    .text                                    0x08002070   Section        0  sic4310.o(.text)
    .text                                    0x080022cc   Section        0  servolib.o(.text)
    NVIC_SetPriority                         0x080023e5   Thumb Code   110  servolib.o(.text)
    .text                                    0x08002488   Section        0  protocol.o(.text)
    .text                                    0x080024f0   Section        0  strlen.o(.text)
    .text                                    0x08002534   Section        0  strncpy.o(.text)
    .text                                    0x080025a0   Section        0  strcmp.o(.text)
    .text                                    0x08002628   Section      346  aeabi_sdiv.o(.text)
    .text                                    0x08002782   Section        0  heapauxi.o(.text)
    .text                                    0x08002788   Section        0  rt_memclr.o(.text)
    .text                                    0x080027c8   Section       62  sys_stackheap_outer.o(.text)
    .text                                    0x08002806   Section        0  exit.o(.text)
    .text                                    0x08002814   Section        8  libspace.o(.text)
    .text                                    0x0800281c   Section        0  sys_exit.o(.text)
    .text                                    0x08002828   Section        2  use_no_semi.o(.text)
    .text                                    0x0800282a   Section        0  indicate_semi.o(.text)
    .data                                    0x20000000   Section       20  system_stm32f0xx.o(.data)
    .data                                    0x20000014   Section       16  stm32f0xx_rcc.o(.data)
    APBAHBPrescTable                         0x20000014   Data          16  stm32f0xx_rcc.o(.data)
    .data                                    0x20000024   Section        4  util.o(.data)
    Tick                                     0x20000024   Data           4  util.o(.data)
    .data                                    0x20000028   Section        4  sic4310.o(.data)
    transmitting                             0x20000028   Data           4  sic4310.o(.data)
    .data                                    0x2000002c   Section       15  servolib.o(.data)
    .bss                                     0x2000003c   Section      528  sic4310.o(.bss)
    _rx_buffer                               0x2000003c   Data         264  sic4310.o(.bss)
    _tx_buffer                               0x20000144   Data         264  sic4310.o(.bss)
    .bss                                     0x2000024c   Section       32  servolib.o(.bss)
    .bss                                     0x2000026c   Section       96  libspace.o(.bss)
    HEAP                                     0x200002d0   Section      512  startup_stm32f051.o(HEAP)
    Heap_Mem                                 0x200002d0   Data         512  startup_stm32f051.o(HEAP)
    STACK                                    0x200004d0   Section     1024  startup_stm32f051.o(STACK)
    Stack_Mem                                0x200004d0   Data        1024  startup_stm32f051.o(STACK)
    __initial_sp                             0x200008d0   Data           0  startup_stm32f051.o(STACK)

    Global Symbols

    Symbol Name                              Value     Ov Type        Size  Object(Section)

    BuildAttributes$$THM_ISAv3M$S$PE$A:L22$X:L11$S22$IEEE1$IW$USESV6$~STKCKD$USESV7$~SHL$OSPACE$ROPI$EBA8$UX$STANDARDLIB$REQ8$PRES8$EABIv2 0x00000000   Number         0  anon$$obj.o ABSOLUTE
    __ARM_use_no_argv                        0x00000000   Number         0  main_nfc.o ABSOLUTE
    __ARM_exceptions_init                     - Undefined Weak Reference
    __alloca_initialize                       - Undefined Weak Reference
    __cpp_initialize__aeabi_                  - Undefined Weak Reference
    __cxa_finalize                            - Undefined Weak Reference
    __rt_locale                               - Undefined Weak Reference
    __sigvec_lookup                           - Undefined Weak Reference
    _atexit_init                              - Undefined Weak Reference
    _call_atexit_fns                          - Undefined Weak Reference
    _clock_init                               - Undefined Weak Reference
    _fp_trap_init                             - Undefined Weak Reference
    _fp_trap_shutdown                         - Undefined Weak Reference
    _get_lc_collate                           - Undefined Weak Reference
    _get_lc_ctype                             - Undefined Weak Reference
    _get_lc_monetary                          - Undefined Weak Reference
    _get_lc_numeric                           - Undefined Weak Reference
    _get_lc_time                              - Undefined Weak Reference
    _getenv_init                              - Undefined Weak Reference
    _handle_redirection                       - Undefined Weak Reference
    _init_alloc                               - Undefined Weak Reference
    _init_user_alloc                          - Undefined Weak Reference
    _initio                                   - Undefined Weak Reference
    _rand_init                                - Undefined Weak Reference
    _signal_finish                            - Undefined Weak Reference
    _signal_init                              - Undefined Weak Reference
    _terminate_alloc                          - Undefined Weak Reference
    _terminate_user_alloc                     - Undefined Weak Reference
    _terminateio                              - Undefined Weak Reference
    __Vectors_Size                           0x000000c0   Number         0  startup_stm32f051.o ABSOLUTE
    __Vectors                                0x08000000   Data           4  startup_stm32f051.o(RESET)
    __Vectors_End                            0x080000c0   Data           0  startup_stm32f051.o(RESET)
    __main                                   0x080000c1   Thumb Code     8  __main.o(!!!main)
    __scatterload                            0x080000c9   Thumb Code     0  __scatter.o(!!!scatter)
    __scatterload_rt2                        0x080000c9   Thumb Code    52  __scatter.o(!!!scatter)
    __scatterload_rt2_thumb_only             0x080000c9   Thumb Code     0  __scatter.o(!!!scatter)
    __scatterload_null                       0x080000d9   Thumb Code     0  __scatter.o(!!!scatter)
    __scatterload_copy                       0x08000105   Thumb Code    26  __scatter_copy.o(!!handler_copy)
    __scatterload_zeroinit                   0x08000121   Thumb Code    28  __scatter_zi.o(!!handler_zi)
    __rt_lib_init                            0x0800013d   Thumb Code     0  libinit.o(.ARM.Collect$$libinit$$00000000)
    __rt_lib_init_fp_1                       0x0800013f   Thumb Code     0  libinit2.o(.ARM.Collect$$libinit$$00000001)
    __rt_lib_init_alloca_1                   0x08000143   Thumb Code     0  libinit2.o(.ARM.Collect$$libinit$$0000002C)
    __rt_lib_init_argv_1                     0x08000143   Thumb Code     0  libinit2.o(.ARM.Collect$$libinit$$0000002A)
    __rt_lib_init_atexit_1                   0x08000143   Thumb Code     0  libinit2.o(.ARM.Collect$$libinit$$00000019)
    __rt_lib_init_clock_1                    0x08000143   Thumb Code     0  libinit2.o(.ARM.Collect$$libinit$$0000001F)
    __rt_lib_init_cpp_1                      0x08000143   Thumb Code     0  libinit2.o(.ARM.Collect$$libinit$$00000030)
    __rt_lib_init_exceptions_1               0x08000143   Thumb Code     0  libinit2.o(.ARM.Collect$$libinit$$0000002E)
    __rt_lib_init_fp_trap_1                  0x08000143   Thumb Code     0  libinit2.o(.ARM.Collect$$libinit$$0000001D)
    __rt_lib_init_getenv_1                   0x08000143   Thumb Code     0  libinit2.o(.ARM.Collect$$libinit$$00000021)
    __rt_lib_init_heap_1                     0x08000143   Thumb Code     0  libinit2.o(.ARM.Collect$$libinit$$00000008)
    __rt_lib_init_lc_collate_1               0x08000143   Thumb Code     0  libinit2.o(.ARM.Collect$$libinit$$0000000F)
    __rt_lib_init_lc_ctype_1                 0x08000143   Thumb Code     0  libinit2.o(.ARM.Collect$$libinit$$00000011)
    __rt_lib_init_lc_monetary_1              0x08000143   Thumb Code     0  libinit2.o(.ARM.Collect$$libinit$$00000013)
    __rt_lib_init_lc_numeric_1               0x08000143   Thumb Code     0  libinit2.o(.ARM.Collect$$libinit$$00000015)
    __rt_lib_init_lc_time_1                  0x08000143   Thumb Code     0  libinit2.o(.ARM.Collect$$libinit$$00000017)
    __rt_lib_init_rand_1                     0x08000143   Thumb Code     0  libinit2.o(.ARM.Collect$$libinit$$0000000C)
    __rt_lib_init_return                     0x08000143   Thumb Code     0  libinit2.o(.ARM.Collect$$libinit$$00000031)
    __rt_lib_init_signal_1                   0x08000143   Thumb Code     0  libinit2.o(.ARM.Collect$$libinit$$0000001B)
    __rt_lib_init_stdio_1                    0x08000143   Thumb Code     0  libinit2.o(.ARM.Collect$$libinit$$00000023)
    __rt_lib_init_user_alloc_1               0x08000143   Thumb Code     0  libinit2.o(.ARM.Collect$$libinit$$0000000A)
    __rt_lib_shutdown                        0x08000145   Thumb Code     0  libshutdown.o(.ARM.Collect$$libshutdown$$00000000)
    __rt_lib_shutdown_fp_trap_1              0x08000147   Thumb Code     0  libshutdown2.o(.ARM.Collect$$libshutdown$$00000006)
    __rt_lib_shutdown_heap_1                 0x08000147   Thumb Code     0  libshutdown2.o(.ARM.Collect$$libshutdown$$0000000E)
    __rt_lib_shutdown_return                 0x08000147   Thumb Code     0  libshutdown2.o(.ARM.Collect$$libshutdown$$0000000F)
    __rt_lib_shutdown_signal_1               0x08000147   Thumb Code     0  libshutdown2.o(.ARM.Collect$$libshutdown$$00000009)
    __rt_lib_shutdown_stdio_1                0x08000147   Thumb Code     0  libshutdown2.o(.ARM.Collect$$libshutdown$$00000003)
    __rt_lib_shutdown_user_alloc_1           0x08000147   Thumb Code     0  libshutdown2.o(.ARM.Collect$$libshutdown$$0000000B)
    __rt_entry                               0x08000149   Thumb Code     0  rtentry.o(.ARM.Collect$$rtentry$$00000000)
    __rt_entry_presh_1                       0x08000149   Thumb Code     0  rtentry2.o(.ARM.Collect$$rtentry$$00000002)
    __rt_entry_sh                            0x08000149   Thumb Code     0  rtentry4.o(.ARM.Collect$$rtentry$$00000004)
    __rt_entry_li                            0x0800014f   Thumb Code     0  rtentry2.o(.ARM.Collect$$rtentry$$0000000A)
    __rt_entry_postsh_1                      0x0800014f   Thumb Code     0  rtentry2.o(.ARM.Collect$$rtentry$$00000009)
    __rt_entry_main                          0x08000153   Thumb Code     0  rtentry2.o(.ARM.Collect$$rtentry$$0000000D)
    __rt_entry_postli_1                      0x08000153   Thumb Code     0  rtentry2.o(.ARM.Collect$$rtentry$$0000000C)
    __rt_exit                                0x0800015b   Thumb Code     0  rtexit.o(.ARM.Collect$$rtexit$$00000000)
    __rt_exit_ls                             0x0800015d   Thumb Code     0  rtexit2.o(.ARM.Collect$$rtexit$$00000003)
    __rt_exit_prels_1                        0x0800015d   Thumb Code     0  rtexit2.o(.ARM.Collect$$rtexit$$00000002)
    __rt_exit_exit                           0x08000161   Thumb Code     0  rtexit2.o(.ARM.Collect$$rtexit$$00000004)
    Reset_Handler                            0x08000169   Thumb Code     8  startup_stm32f051.o(.text)
    NMI_Handler                              0x08000171   Thumb Code     2  startup_stm32f051.o(.text)
    HardFault_Handler                        0x08000173   Thumb Code     2  startup_stm32f051.o(.text)
    SVC_Handler                              0x08000175   Thumb Code     2  startup_stm32f051.o(.text)
    PendSV_Handler                           0x08000177   Thumb Code     2  startup_stm32f051.o(.text)
    ADC1_COMP_IRQHandler                     0x0800017b   Thumb Code     0  startup_stm32f051.o(.text)
    CEC_IRQHandler                           0x0800017b   Thumb Code     0  startup_stm32f051.o(.text)
    DMA1_Channel1_IRQHandler                 0x0800017b   Thumb Code     0  startup_stm32f051.o(.text)
    DMA1_Channel2_3_IRQHandler               0x0800017b   Thumb Code     0  startup_stm32f051.o(.text)
    DMA1_Channel4_5_IRQHandler               0x0800017b   Thumb Code     0  startup_stm32f051.o(.text)
    EXTI0_1_IRQHandler                       0x0800017b   Thumb Code     0  startup_stm32f051.o(.text)
    EXTI2_3_IRQHandler                       0x0800017b   Thumb Code     0  startup_stm32f051.o(.text)
    EXTI4_15_IRQHandler                      0x0800017b   Thumb Code     0  startup_stm32f051.o(.text)
    FLASH_IRQHandler                         0x0800017b   Thumb Code     0  startup_stm32f051.o(.text)
    I2C1_IRQHandler                          0x0800017b   Thumb Code     0  startup_stm32f051.o(.text)
    I2C2_IRQHandler                          0x0800017b   Thumb Code     0  startup_stm32f051.o(.text)
    PVD_IRQHandler                           0x0800017b   Thumb Code     0  startup_stm32f051.o(.text)
    RCC_IRQHandler                           0x0800017b   Thumb Code     0  startup_stm32f051.o(.text)
    RTC_IRQHandler                           0x0800017b   Thumb Code     0  startup_stm32f051.o(.text)
    SPI1_IRQHandler                          0x0800017b   Thumb Code     0  startup_stm32f051.o(.text)
    SPI2_IRQHandler                          0x0800017b   Thumb Code     0  startup_stm32f051.o(.text)
    TIM14_IRQHandler                         0x0800017b   Thumb Code     0  startup_stm32f051.o(.text)
    TIM15_IRQHandler                         0x0800017b   Thumb Code     0  startup_stm32f051.o(.text)
    TIM16_IRQHandler                         0x0800017b   Thumb Code     0  startup_stm32f051.o(.text)
    TIM17_IRQHandler                         0x0800017b   Thumb Code     0  startup_stm32f051.o(.text)
    TIM1_BRK_UP_TRG_COM_IRQHandler           0x0800017b   Thumb Code     0  startup_stm32f051.o(.text)
    TIM1_CC_IRQHandler                       0x0800017b   Thumb Code     0  startup_stm32f051.o(.text)
    TIM3_IRQHandler                          0x0800017b   Thumb Code     0  startup_stm32f051.o(.text)
    TIM6_DAC_IRQHandler                      0x0800017b   Thumb Code     0  startup_stm32f051.o(.text)
    TS_IRQHandler                            0x0800017b   Thumb Code     0  startup_stm32f051.o(.text)
    USART2_IRQHandler                        0x0800017b   Thumb Code     0  startup_stm32f051.o(.text)
    WWDG_IRQHandler                          0x0800017b   Thumb Code     0  startup_stm32f051.o(.text)
    __user_initial_stackheap                 0x0800017d   Thumb Code     0  startup_stm32f051.o(.text)
    SystemInit                               0x0800026b   Thumb Code   110  system_stm32f0xx.o(.text)
    SystemCoreClockUpdate                    0x080002d9   Thumb Code   154  system_stm32f0xx.o(.text)
    GPIO_DeInit                              0x08000395   Thumb Code   156  stm32f0xx_gpio.o(.text)
    GPIO_Init                                0x08000431   Thumb Code   144  stm32f0xx_gpio.o(.text)
    GPIO_StructInit                          0x080004c1   Thumb Code    20  stm32f0xx_gpio.o(.text)
    GPIO_PinLockConfig                       0x080004d5   Thumb Code    34  stm32f0xx_gpio.o(.text)
    GPIO_ReadInputDataBit                    0x080004f7   Thumb Code    18  stm32f0xx_gpio.o(.text)
    GPIO_ReadInputData                       0x08000509   Thumb Code     6  stm32f0xx_gpio.o(.text)
    GPIO_ReadOutputDataBit                   0x0800050f   Thumb Code    18  stm32f0xx_gpio.o(.text)
    GPIO_ReadOutputData                      0x08000521   Thumb Code     6  stm32f0xx_gpio.o(.text)
    GPIO_SetBits                             0x08000527   Thumb Code     4  stm32f0xx_gpio.o(.text)
    GPIO_ResetBits                           0x0800052b   Thumb Code     4  stm32f0xx_gpio.o(.text)
    GPIO_WriteBit                            0x0800052f   Thumb Code    12  stm32f0xx_gpio.o(.text)
    GPIO_Write                               0x0800053b   Thumb Code     4  stm32f0xx_gpio.o(.text)
    GPIO_PinAFConfig                         0x0800053f   Thumb Code    68  stm32f0xx_gpio.o(.text)
    RCC_DeInit                               0x0800059d   Thumb Code   104  stm32f0xx_rcc.o(.text)
    RCC_HSEConfig                            0x08000605   Thumb Code    12  stm32f0xx_rcc.o(.text)
    RCC_GetFlagStatus                        0x08000611   Thumb Code    66  stm32f0xx_rcc.o(.text)
    RCC_WaitForHSEStartUp                    0x08000653   Thumb Code    60  stm32f0xx_rcc.o(.text)
    RCC_AdjustHSICalibrationValue            0x0800068f   Thumb Code    26  stm32f0xx_rcc.o(.text)
    RCC_HSICmd                               0x080006a9   Thumb Code    32  stm32f0xx_rcc.o(.text)
    RCC_AdjustHSI14CalibrationValue          0x080006c9   Thumb Code    26  stm32f0xx_rcc.o(.text)
    RCC_HSI14Cmd                             0x080006e3   Thumb Code    32  stm32f0xx_rcc.o(.text)
    RCC_HSI14ADCRequestCmd                   0x08000703   Thumb Code    32  stm32f0xx_rcc.o(.text)
    RCC_LSEConfig                            0x08000723   Thumb Code    34  stm32f0xx_rcc.o(.text)
    RCC_LSEDriveConfig                       0x08000745   Thumb Code    22  stm32f0xx_rcc.o(.text)
    RCC_LSICmd                               0x0800075b   Thumb Code    32  stm32f0xx_rcc.o(.text)
    RCC_PLLConfig                            0x0800077b   Thumb Code    30  stm32f0xx_rcc.o(.text)
    RCC_PLLCmd                               0x08000799   Thumb Code    36  stm32f0xx_rcc.o(.text)
    RCC_HSI48Cmd                             0x080007bd   Thumb Code    36  stm32f0xx_rcc.o(.text)
    RCC_PREDIV1Config                        0x080007e1   Thumb Code    24  stm32f0xx_rcc.o(.text)
    RCC_ClockSecuritySystemCmd               0x080007f9   Thumb Code    36  stm32f0xx_rcc.o(.text)
    RCC_MCOConfig                            0x0800081d   Thumb Code     6  stm32f0xx_rcc.o(.text)
    RCC_SYSCLKConfig                         0x08000823   Thumb Code    24  stm32f0xx_rcc.o(.text)
    RCC_GetSYSCLKSource                      0x0800083b   Thumb Code    10  stm32f0xx_rcc.o(.text)
    RCC_HCLKConfig                           0x08000845   Thumb Code    28  stm32f0xx_rcc.o(.text)
    RCC_PCLKConfig                           0x08000861   Thumb Code    30  stm32f0xx_rcc.o(.text)
    RCC_ADCCLKConfig                         0x0800087f   Thumb Code    52  stm32f0xx_rcc.o(.text)
    RCC_CECCLKConfig                         0x080008b3   Thumb Code    22  stm32f0xx_rcc.o(.text)
    RCC_I2CCLKConfig                         0x080008c9   Thumb Code    22  stm32f0xx_rcc.o(.text)
    RCC_USARTCLKConfig                       0x080008df   Thumb Code    48  stm32f0xx_rcc.o(.text)
    RCC_USBCLKConfig                         0x0800090f   Thumb Code    22  stm32f0xx_rcc.o(.text)
    RCC_GetClocksFreq                        0x08000925   Thumb Code   484  stm32f0xx_rcc.o(.text)
    RCC_RTCCLKConfig                         0x08000b09   Thumb Code    12  stm32f0xx_rcc.o(.text)
    RCC_RTCCLKCmd                            0x08000b15   Thumb Code    36  stm32f0xx_rcc.o(.text)
    RCC_BackupResetCmd                       0x08000b39   Thumb Code    36  stm32f0xx_rcc.o(.text)
    RCC_AHBPeriphClockCmd                    0x08000b5d   Thumb Code    28  stm32f0xx_rcc.o(.text)
    RCC_APB2PeriphClockCmd                   0x08000b79   Thumb Code    28  stm32f0xx_rcc.o(.text)
    RCC_APB1PeriphClockCmd                   0x08000b95   Thumb Code    28  stm32f0xx_rcc.o(.text)
    RCC_AHBPeriphResetCmd                    0x08000bb1   Thumb Code    28  stm32f0xx_rcc.o(.text)
    RCC_APB2PeriphResetCmd                   0x08000bcd   Thumb Code    28  stm32f0xx_rcc.o(.text)
    RCC_APB1PeriphResetCmd                   0x08000be9   Thumb Code    28  stm32f0xx_rcc.o(.text)
    RCC_ITConfig                             0x08000c05   Thumb Code    28  stm32f0xx_rcc.o(.text)
    RCC_ClearFlag                            0x08000c21   Thumb Code    16  stm32f0xx_rcc.o(.text)
    RCC_GetITStatus                          0x08000c31   Thumb Code    20  stm32f0xx_rcc.o(.text)
    RCC_ClearITPendingBit                    0x08000c45   Thumb Code     6  stm32f0xx_rcc.o(.text)
    USART_DeInit                             0x08000c65   Thumb Code   108  stm32f0xx_usart.o(.text)
    USART_Init                               0x08000cd1   Thumb Code   210  stm32f0xx_usart.o(.text)
    USART_StructInit                         0x08000da3   Thumb Code    24  stm32f0xx_usart.o(.text)
    USART_ClockInit                          0x08000dbb   Thumb Code    36  stm32f0xx_usart.o(.text)
    USART_ClockStructInit                    0x08000ddf   Thumb Code    12  stm32f0xx_usart.o(.text)
    USART_Cmd                                0x08000deb   Thumb Code    24  stm32f0xx_usart.o(.text)
    USART_DirectionModeCmd                   0x08000e03   Thumb Code    20  stm32f0xx_usart.o(.text)
    USART_OverSampling8Cmd                   0x08000e17   Thumb Code    28  stm32f0xx_usart.o(.text)
    USART_OneBitMethodCmd                    0x08000e33   Thumb Code    28  stm32f0xx_usart.o(.text)
    USART_MSBFirstCmd                        0x08000e4f   Thumb Code    28  stm32f0xx_usart.o(.text)
    USART_DataInvCmd                         0x08000e6b   Thumb Code    28  stm32f0xx_usart.o(.text)
    USART_InvPinCmd                          0x08000e87   Thumb Code    20  stm32f0xx_usart.o(.text)
    USART_SWAPPinCmd                         0x08000e9b   Thumb Code    28  stm32f0xx_usart.o(.text)
    USART_ReceiverTimeOutCmd                 0x08000eb7   Thumb Code    28  stm32f0xx_usart.o(.text)
    USART_SetReceiverTimeOut                 0x08000ed3   Thumb Code    16  stm32f0xx_usart.o(.text)
    USART_SetPrescaler                       0x08000ee3   Thumb Code    18  stm32f0xx_usart.o(.text)
    USART_STOPModeCmd                        0x08000ef5   Thumb Code    24  stm32f0xx_usart.o(.text)
    USART_StopModeWakeUpSourceConfig         0x08000f0d   Thumb Code    18  stm32f0xx_usart.o(.text)
    USART_AutoBaudRateCmd                    0x08000f1f   Thumb Code    28  stm32f0xx_usart.o(.text)
    USART_AutoBaudRateConfig                 0x08000f3b   Thumb Code    18  stm32f0xx_usart.o(.text)
    USART_SendData                           0x08000f4d   Thumb Code     8  stm32f0xx_usart.o(.text)
    USART_ReceiveData                        0x08000f55   Thumb Code    10  stm32f0xx_usart.o(.text)
    USART_SetAddress                         0x08000f5f   Thumb Code    18  stm32f0xx_usart.o(.text)
    USART_MuteModeCmd                        0x08000f71   Thumb Code    28  stm32f0xx_usart.o(.text)
    USART_MuteModeWakeUpConfig               0x08000f8d   Thumb Code    18  stm32f0xx_usart.o(.text)
    USART_AddressDetectionConfig             0x08000f9f   Thumb Code    16  stm32f0xx_usart.o(.text)
    USART_LINBreakDetectLengthConfig         0x08000faf   Thumb Code    16  stm32f0xx_usart.o(.text)
    USART_LINCmd                             0x08000fbf   Thumb Code    28  stm32f0xx_usart.o(.text)
    USART_HalfDuplexCmd                      0x08000fdb   Thumb Code    24  stm32f0xx_usart.o(.text)
    USART_SetGuardTime                       0x08000ff3   Thumb Code    16  stm32f0xx_usart.o(.text)
    USART_SmartCardCmd                       0x08001003   Thumb Code    24  stm32f0xx_usart.o(.text)
    USART_SmartCardNACKCmd                   0x0800101b   Thumb Code    24  stm32f0xx_usart.o(.text)
    USART_SetAutoRetryCount                  0x08001033   Thumb Code    46  stm32f0xx_usart.o(.text)
    USART_SetBlockLength                     0x08001061   Thumb Code    18  stm32f0xx_usart.o(.text)
    USART_IrDAConfig                         0x08001073   Thumb Code    16  stm32f0xx_usart.o(.text)
    USART_IrDACmd                            0x08001083   Thumb Code    24  stm32f0xx_usart.o(.text)
    USART_DECmd                              0x0800109b   Thumb Code    28  stm32f0xx_usart.o(.text)
    USART_DEPolarityConfig                   0x080010b7   Thumb Code    18  stm32f0xx_usart.o(.text)
    USART_SetDEAssertionTime                 0x080010c9   Thumb Code    20  stm32f0xx_usart.o(.text)
    USART_SetDEDeassertionTime               0x080010dd   Thumb Code    20  stm32f0xx_usart.o(.text)
    USART_DMACmd                             0x080010f1   Thumb Code    20  stm32f0xx_usart.o(.text)
    USART_DMAReceptionErrorConfig            0x08001105   Thumb Code    18  stm32f0xx_usart.o(.text)
    USART_ITConfig                           0x08001117   Thumb Code    66  stm32f0xx_usart.o(.text)
    USART_RequestCmd                         0x08001159   Thumb Code    20  stm32f0xx_usart.o(.text)
    USART_OverrunDetectionConfig             0x0800116d   Thumb Code    18  stm32f0xx_usart.o(.text)
    USART_GetFlagStatus                      0x0800117f   Thumb Code    18  stm32f0xx_usart.o(.text)
    USART_ClearFlag                          0x08001191   Thumb Code     4  stm32f0xx_usart.o(.text)
    USART_GetITStatus                        0x08001195   Thumb Code    78  stm32f0xx_usart.o(.text)
    USART_ClearITPendingBit                  0x080011e3   Thumb Code    18  stm32f0xx_usart.o(.text)
    NVIC_Init                                0x080011f5   Thumb Code   106  stm32f0xx_misc.o(.text)
    NVIC_SystemLPConfig                      0x0800125f   Thumb Code    28  stm32f0xx_misc.o(.text)
    SysTick_CLKSourceConfig                  0x0800127b   Thumb Code    32  stm32f0xx_misc.o(.text)
    TIM_DeInit                               0x080012a9   Thumb Code   228  stm32f0xx_tim.o(.text)
    TIM_TimeBaseInit                         0x0800138d   Thumb Code    90  stm32f0xx_tim.o(.text)
    TIM_TimeBaseStructInit                   0x080013e7   Thumb Code    18  stm32f0xx_tim.o(.text)
    TIM_PrescalerConfig                      0x080013f9   Thumb Code     6  stm32f0xx_tim.o(.text)
    TIM_CounterModeConfig                    0x080013ff   Thumb Code    20  stm32f0xx_tim.o(.text)
    TIM_SetCounter                           0x08001413   Thumb Code     4  stm32f0xx_tim.o(.text)
    TIM_SetAutoreload                        0x08001417   Thumb Code     4  stm32f0xx_tim.o(.text)
    TIM_GetCounter                           0x0800141b   Thumb Code     6  stm32f0xx_tim.o(.text)
    TIM_GetPrescaler                         0x08001421   Thumb Code     6  stm32f0xx_tim.o(.text)
    TIM_UpdateDisableConfig                  0x08001427   Thumb Code    26  stm32f0xx_tim.o(.text)
    TIM_UpdateRequestConfig                  0x08001441   Thumb Code    26  stm32f0xx_tim.o(.text)
    TIM_ARRPreloadConfig                     0x0800145b   Thumb Code    26  stm32f0xx_tim.o(.text)
    TIM_SelectOnePulseMode                   0x08001475   Thumb Code    18  stm32f0xx_tim.o(.text)
    TIM_SetClockDivision                     0x08001487   Thumb Code    16  stm32f0xx_tim.o(.text)
    TIM_Cmd                                  0x08001497   Thumb Code    26  stm32f0xx_tim.o(.text)
    TIM_BDTRConfig                           0x080014b1   Thumb Code    32  stm32f0xx_tim.o(.text)
    TIM_BDTRStructInit                       0x080014d1   Thumb Code    18  stm32f0xx_tim.o(.text)
    TIM_CtrlPWMOutputs                       0x080014e3   Thumb Code    34  stm32f0xx_tim.o(.text)
    TIM_OC1Init                              0x08001505   Thumb Code   122  stm32f0xx_tim.o(.text)
    TIM_OC2Init                              0x0800157f   Thumb Code   144  stm32f0xx_tim.o(.text)
    TIM_OC3Init                              0x0800160f   Thumb Code   190  stm32f0xx_tim.o(.text)
    TIM_OC4Init                              0x080016cd   Thumb Code    88  stm32f0xx_tim.o(.text)
    TIM_OCStructInit                         0x08001725   Thumb Code    20  stm32f0xx_tim.o(.text)
    TIM_SelectOCxM                           0x08001739   Thumb Code    82  stm32f0xx_tim.o(.text)
    TIM_SetCompare1                          0x0800178b   Thumb Code     4  stm32f0xx_tim.o(.text)
    TIM_SetCompare2                          0x0800178f   Thumb Code     4  stm32f0xx_tim.o(.text)
    TIM_SetCompare3                          0x08001793   Thumb Code     4  stm32f0xx_tim.o(.text)
    TIM_SetCompare4                          0x08001797   Thumb Code     4  stm32f0xx_tim.o(.text)
    TIM_ForcedOC1Config                      0x0800179b   Thumb Code    20  stm32f0xx_tim.o(.text)
    TIM_ForcedOC2Config                      0x080017af   Thumb Code    20  stm32f0xx_tim.o(.text)
    TIM_ForcedOC3Config                      0x080017c3   Thumb Code    20  stm32f0xx_tim.o(.text)
    TIM_ForcedOC4Config                      0x080017d7   Thumb Code    20  stm32f0xx_tim.o(.text)
    TIM_CCPreloadControl                     0x080017eb   Thumb Code    26  stm32f0xx_tim.o(.text)
    TIM_OC1PreloadConfig                     0x08001805   Thumb Code    22  stm32f0xx_tim.o(.text)
    TIM_OC2PreloadConfig                     0x0800181b   Thumb Code    20  stm32f0xx_tim.o(.text)
    TIM_OC3PreloadConfig                     0x0800182f   Thumb Code    22  stm32f0xx_tim.o(.text)
    TIM_OC4PreloadConfig                     0x08001845   Thumb Code    20  stm32f0xx_tim.o(.text)
    TIM_OC1FastConfig                        0x08001859   Thumb Code    22  stm32f0xx_tim.o(.text)
    TIM_OC2FastConfig                        0x0800186f   Thumb Code    20  stm32f0xx_tim.o(.text)
    TIM_OC3FastConfig                        0x08001883   Thumb Code    22  stm32f0xx_tim.o(.text)
    TIM_OC4FastConfig                        0x08001899   Thumb Code    20  stm32f0xx_tim.o(.text)
    TIM_ClearOC1Ref                          0x080018ad   Thumb Code    22  stm32f0xx_tim.o(.text)
    TIM_ClearOC2Ref                          0x080018c3   Thumb Code    20  stm32f0xx_tim.o(.text)
    TIM_ClearOC3Ref                          0x080018d7   Thumb Code    22  stm32f0xx_tim.o(.text)
    TIM_ClearOC4Ref                          0x080018ed   Thumb Code    20  stm32f0xx_tim.o(.text)
    TIM_OC1PolarityConfig                    0x08001901   Thumb Code    22  stm32f0xx_tim.o(.text)
    TIM_OC1NPolarityConfig                   0x08001917   Thumb Code    22  stm32f0xx_tim.o(.text)
    TIM_OC2PolarityConfig                    0x0800192d   Thumb Code    22  stm32f0xx_tim.o(.text)
    TIM_OC2NPolarityConfig                   0x08001943   Thumb Code    22  stm32f0xx_tim.o(.text)
    TIM_OC3PolarityConfig                    0x08001959   Thumb Code    20  stm32f0xx_tim.o(.text)
    TIM_OC3NPolarityConfig                   0x0800196d   Thumb Code    20  stm32f0xx_tim.o(.text)
    TIM_OC4PolarityConfig                    0x08001981   Thumb Code    20  stm32f0xx_tim.o(.text)
    TIM_SelectOCREFClear                     0x08001995   Thumb Code    18  stm32f0xx_tim.o(.text)
    TIM_CCxCmd                               0x080019a7   Thumb Code    30  stm32f0xx_tim.o(.text)
    TIM_CCxNCmd                              0x080019c5   Thumb Code    30  stm32f0xx_tim.o(.text)
    TIM_SelectCOM                            0x080019e3   Thumb Code    26  stm32f0xx_tim.o(.text)
    TIM_SetIC4Prescaler                      0x080019fd   Thumb Code    20  stm32f0xx_tim.o(.text)
    TIM_SetIC3Prescaler                      0x08001a53   Thumb Code    18  stm32f0xx_tim.o(.text)
    TIM_SetIC2Prescaler                      0x08001aa7   Thumb Code    78  stm32f0xx_tim.o(.text)
    TIM_SetIC1Prescaler                      0x08001b37   Thumb Code    18  stm32f0xx_tim.o(.text)
    TIM_ICInit                               0x08001b7f   Thumb Code   112  stm32f0xx_tim.o(.text)
    TIM_ICStructInit                         0x08001bef   Thumb Code    18  stm32f0xx_tim.o(.text)
    TIM_PWMIConfig                           0x08001c01   Thumb Code   124  stm32f0xx_tim.o(.text)
    TIM_GetCapture1                          0x08001c7d   Thumb Code     6  stm32f0xx_tim.o(.text)
    TIM_GetCapture2                          0x08001c83   Thumb Code     6  stm32f0xx_tim.o(.text)
    TIM_GetCapture3                          0x08001c89   Thumb Code     6  stm32f0xx_tim.o(.text)
    TIM_GetCapture4                          0x08001c8f   Thumb Code     6  stm32f0xx_tim.o(.text)
    TIM_ITConfig                             0x08001c95   Thumb Code    20  stm32f0xx_tim.o(.text)
    TIM_GenerateEvent                        0x08001ca9   Thumb Code     4  stm32f0xx_tim.o(.text)
    TIM_GetFlagStatus                        0x08001cad   Thumb Code    18  stm32f0xx_tim.o(.text)
    TIM_ClearFlag                            0x08001cbf   Thumb Code     6  stm32f0xx_tim.o(.text)
    TIM_GetITStatus                          0x08001cc5   Thumb Code    38  stm32f0xx_tim.o(.text)
    TIM_ClearITPendingBit                    0x08001ceb   Thumb Code     6  stm32f0xx_tim.o(.text)
    TIM_DMAConfig                            0x08001cf1   Thumb Code    12  stm32f0xx_tim.o(.text)
    TIM_DMACmd                               0x08001cfd   Thumb Code    20  stm32f0xx_tim.o(.text)
    TIM_SelectCCDMA                          0x08001d11   Thumb Code    26  stm32f0xx_tim.o(.text)
    TIM_InternalClockConfig                  0x08001d2b   Thumb Code    12  stm32f0xx_tim.o(.text)
    TIM_SelectInputTrigger                   0x08001d37   Thumb Code    22  stm32f0xx_tim.o(.text)
    TIM_ITRxExternalClockConfig              0x08001d4d   Thumb Code    24  stm32f0xx_tim.o(.text)
    TIM_TIxExternalClockConfig               0x08001d65   Thumb Code    58  stm32f0xx_tim.o(.text)
    TIM_ETRConfig                            0x08001d9f   Thumb Code    24  stm32f0xx_tim.o(.text)
    TIM_ETRClockMode1Config                  0x08001db7   Thumb Code    48  stm32f0xx_tim.o(.text)
    TIM_ETRClockMode2Config                  0x08001de7   Thumb Code    34  stm32f0xx_tim.o(.text)
    TIM_SelectOutputTrigger                  0x08001e09   Thumb Code    18  stm32f0xx_tim.o(.text)
    TIM_SelectSlaveMode                      0x08001e1b   Thumb Code    18  stm32f0xx_tim.o(.text)
    TIM_SelectMasterSlaveMode                0x08001e2d   Thumb Code    18  stm32f0xx_tim.o(.text)
    TIM_EncoderInterfaceConfig               0x08001e3f   Thumb Code    60  stm32f0xx_tim.o(.text)
    TIM_SelectHallSensor                     0x08001e7b   Thumb Code    26  stm32f0xx_tim.o(.text)
    TIM_RemapConfig                          0x08001e95   Thumb Code     6  stm32f0xx_tim.o(.text)
    main                                     0x08001ea9   Thumb Code   178  main_nfc.o(.text)
    SysTick_Handler                          0x08001f91   Thumb Code    12  util.o(.text)
    timebase_config                          0x08001f9d   Thumb Code    54  util.o(.text)
    delay                                    0x08001fd3   Thumb Code    18  util.o(.text)
    millis                                   0x08001fe5   Thumb Code     6  util.o(.text)
    SIC4310_config                           0x08002071   Thumb Code   194  sic4310.o(.text)
    SIC4310_read                             0x08002133   Thumb Code    38  sic4310.o(.text)
    write                                    0x08002159   Thumb Code   108  sic4310.o(.text)
    print                                    0x080021c5   Thumb Code    22  sic4310.o(.text)
    SIC4310_write                            0x080021db   Thumb Code    24  sic4310.o(.text)
    SIC4310_available                        0x080021f3   Thumb Code    32  sic4310.o(.text)
    USART1_IRQHandler                        0x08002213   Thumb Code   118  sic4310.o(.text)
    checkvalidation                          0x08002289   Thumb Code    24  sic4310.o(.text)
    TIM2_IRQHandler                          0x080022cd   Thumb Code    40  servolib.o(.text)
    Servo_fcn                                0x080022f5   Thumb Code   216  servolib.o(.text)
    changePulse_fcn                          0x080023cd   Thumb Code     6  servolib.o(.text)
    Get_State                                0x080023d3   Thumb Code    18  servolib.o(.text)
    checktag                                 0x08002489   Thumb Code    92  protocol.o(.text)
    strlen                                   0x080024f1   Thumb Code    62  strlen.o(.text)
    strncpy                                  0x08002535   Thumb Code   104  strncpy.o(.text)
    strcmp                                   0x080025a1   Thumb Code   132  strcmp.o(.text)
    __aeabi_uidiv                            0x08002629   Thumb Code     0  aeabi_sdiv.o(.text)
    __aeabi_uidivmod                         0x08002629   Thumb Code    20  aeabi_sdiv.o(.text)
    __aeabi_idiv                             0x0800263d   Thumb Code     0  aeabi_sdiv.o(.text)
    __aeabi_idivmod                          0x0800263d   Thumb Code   326  aeabi_sdiv.o(.text)
    __use_two_region_memory                  0x08002783   Thumb Code     2  heapauxi.o(.text)
    __rt_heap_escrow$2region                 0x08002785   Thumb Code     2  heapauxi.o(.text)
    __rt_heap_expand$2region                 0x08002787   Thumb Code     2  heapauxi.o(.text)
    _memset_w                                0x08002789   Thumb Code    26  rt_memclr.o(.text)
    _memset                                  0x080027a3   Thumb Code    30  rt_memclr.o(.text)
    __aeabi_memclr                           0x080027c1   Thumb Code     4  rt_memclr.o(.text)
    __rt_memclr                              0x080027c1   Thumb Code     0  rt_memclr.o(.text)
    __aeabi_memclr4                          0x080027c5   Thumb Code     0  rt_memclr.o(.text)
    __aeabi_memclr8                          0x080027c5   Thumb Code     0  rt_memclr.o(.text)
    __rt_memclr_w                            0x080027c5   Thumb Code     4  rt_memclr.o(.text)
    __user_setup_stackheap                   0x080027c9   Thumb Code    62  sys_stackheap_outer.o(.text)
    exit                                     0x08002807   Thumb Code    12  exit.o(.text)
    __user_libspace                          0x08002815   Thumb Code     8  libspace.o(.text)
    __user_perproc_libspace                  0x08002815   Thumb Code     0  libspace.o(.text)
    __user_perthread_libspace                0x08002815   Thumb Code     0  libspace.o(.text)
    _sys_exit                                0x0800281d   Thumb Code     8  sys_exit.o(.text)
    __I$use$semihosting                      0x08002829   Thumb Code     0  use_no_semi.o(.text)
    __use_no_semihosting_swi                 0x08002829   Thumb Code     2  use_no_semi.o(.text)
    __semihosting_library_function           0x0800282b   Thumb Code     0  indicate_semi.o(.text)
    Region$$Table$$Base                      0x0800282c   Number         0  anon$$obj.o(Region$$Table)
    Region$$Table$$Limit                     0x0800284c   Number         0  anon$$obj.o(Region$$Table)
    SystemCoreClock                          0x20000000   Data           4  system_stm32f0xx.o(.data)
    AHBPrescTable                            0x20000004   Data          16  system_stm32f0xx.o(.data)
    PulseWidth                               0x2000002c   Data           4  servolib.o(.data)
    G                                        0x20000030   Data           8  servolib.o(.data)
    N                                        0x20000038   Data           3  servolib.o(.data)
    T                                        0x2000024c   Data          12  servolib.o(.bss)
    TO                                       0x20000258   Data          20  servolib.o(.bss)
    __libspace_start                         0x2000026c   Data          96  libspace.o(.bss)
    __temporary_stack_top$libspace           0x200002cc   Data           0  libspace.o(.bss)



==============================================================================

Memory Map of the image

  Image Entry point : 0x08000169

  Load Region LR_1 (Base: 0x08000000, Size: 0x00002888, Max: 0xffffffff, ABSOLUTE)

    Execution Region ER_RO (Base: 0x08000000, Size: 0x0000284c, Max: 0xffffffff, ABSOLUTE)

    Base Addr    Size         Type   Attr      Idx    E Section Name        Object

    0x08000000   0x000000c0   Data   RO            3    RESET               startup_stm32f051.o
    0x080000c0   0x00000008   Code   RO          369  * !!!main             c_p.l(__main.o)
    0x080000c8   0x0000003c   Code   RO          537    !!!scatter          c_p.l(__scatter.o)
    0x08000104   0x0000001a   Code   RO          539    !!handler_copy      c_p.l(__scatter_copy.o)
    0x0800011e   0x00000002   PAD
    0x08000120   0x0000001c   Code   RO          541    !!handler_zi        c_p.l(__scatter_zi.o)
    0x0800013c   0x00000002   Code   RO          409    .ARM.Collect$$libinit$$00000000  c_p.l(libinit.o)
    0x0800013e   0x00000004   Code   RO          422    .ARM.Collect$$libinit$$00000001  c_p.l(libinit2.o)
    0x08000142   0x00000000   Code   RO          426    .ARM.Collect$$libinit$$00000008  c_p.l(libinit2.o)
    0x08000142   0x00000000   Code   RO          428    .ARM.Collect$$libinit$$0000000A  c_p.l(libinit2.o)
    0x08000142   0x00000000   Code   RO          430    .ARM.Collect$$libinit$$0000000C  c_p.l(libinit2.o)
    0x08000142   0x00000000   Code   RO          433    .ARM.Collect$$libinit$$0000000F  c_p.l(libinit2.o)
    0x08000142   0x00000000   Code   RO          435    .ARM.Collect$$libinit$$00000011  c_p.l(libinit2.o)
    0x08000142   0x00000000   Code   RO          437    .ARM.Collect$$libinit$$00000013  c_p.l(libinit2.o)
    0x08000142   0x00000000   Code   RO          439    .ARM.Collect$$libinit$$00000015  c_p.l(libinit2.o)
    0x08000142   0x00000000   Code   RO          441    .ARM.Collect$$libinit$$00000017  c_p.l(libinit2.o)
    0x08000142   0x00000000   Code   RO          443    .ARM.Collect$$libinit$$00000019  c_p.l(libinit2.o)
    0x08000142   0x00000000   Code   RO          445    .ARM.Collect$$libinit$$0000001B  c_p.l(libinit2.o)
    0x08000142   0x00000000   Code   RO          447    .ARM.Collect$$libinit$$0000001D  c_p.l(libinit2.o)
    0x08000142   0x00000000   Code   RO          449    .ARM.Collect$$libinit$$0000001F  c_p.l(libinit2.o)
    0x08000142   0x00000000   Code   RO          451    .ARM.Collect$$libinit$$00000021  c_p.l(libinit2.o)
    0x08000142   0x00000000   Code   RO          453    .ARM.Collect$$libinit$$00000023  c_p.l(libinit2.o)
    0x08000142   0x00000000   Code   RO          457    .ARM.Collect$$libinit$$0000002A  c_p.l(libinit2.o)
    0x08000142   0x00000000   Code   RO          459    .ARM.Collect$$libinit$$0000002C  c_p.l(libinit2.o)
    0x08000142   0x00000000   Code   RO          461    .ARM.Collect$$libinit$$0000002E  c_p.l(libinit2.o)
    0x08000142   0x00000000   Code   RO          463    .ARM.Collect$$libinit$$00000030  c_p.l(libinit2.o)
    0x08000142   0x00000002   Code   RO          464    .ARM.Collect$$libinit$$00000031  c_p.l(libinit2.o)
    0x08000144   0x00000002   Code   RO          495    .ARM.Collect$$libshutdown$$00000000  c_p.l(libshutdown.o)
    0x08000146   0x00000000   Code   RO          522    .ARM.Collect$$libshutdown$$00000003  c_p.l(libshutdown2.o)
    0x08000146   0x00000000   Code   RO          525    .ARM.Collect$$libshutdown$$00000006  c_p.l(libshutdown2.o)
    0x08000146   0x00000000   Code   RO          528    .ARM.Collect$$libshutdown$$00000009  c_p.l(libshutdown2.o)
    0x08000146   0x00000000   Code   RO          530    .ARM.Collect$$libshutdown$$0000000B  c_p.l(libshutdown2.o)
    0x08000146   0x00000000   Code   RO          533    .ARM.Collect$$libshutdown$$0000000E  c_p.l(libshutdown2.o)
    0x08000146   0x00000002   Code   RO          534    .ARM.Collect$$libshutdown$$0000000F  c_p.l(libshutdown2.o)
    0x08000148   0x00000000   Code   RO          371    .ARM.Collect$$rtentry$$00000000  c_p.l(rtentry.o)
    0x08000148   0x00000000   Code   RO          379    .ARM.Collect$$rtentry$$00000002  c_p.l(rtentry2.o)
    0x08000148   0x00000006   Code   RO          391    .ARM.Collect$$rtentry$$00000004  c_p.l(rtentry4.o)
    0x0800014e   0x00000000   Code   RO          381    .ARM.Collect$$rtentry$$00000009  c_p.l(rtentry2.o)
    0x0800014e   0x00000004   Code   RO          382    .ARM.Collect$$rtentry$$0000000A  c_p.l(rtentry2.o)
    0x08000152   0x00000000   Code   RO          384    .ARM.Collect$$rtentry$$0000000C  c_p.l(rtentry2.o)
    0x08000152   0x00000008   Code   RO          385    .ARM.Collect$$rtentry$$0000000D  c_p.l(rtentry2.o)
    0x0800015a   0x00000002   Code   RO          414    .ARM.Collect$$rtexit$$00000000  c_p.l(rtexit.o)
    0x0800015c   0x00000000   Code   RO          468    .ARM.Collect$$rtexit$$00000002  c_p.l(rtexit2.o)
    0x0800015c   0x00000004   Code   RO          469    .ARM.Collect$$rtexit$$00000003  c_p.l(rtexit2.o)
    0x08000160   0x00000006   Code   RO          470    .ARM.Collect$$rtexit$$00000004  c_p.l(rtexit2.o)
    0x08000166   0x00000002   PAD
    0x08000168   0x00000038   Code   RO            4  * .text               startup_stm32f051.o
    0x080001a0   0x000001f4   Code   RO           12    .text               system_stm32f0xx.o
    0x08000394   0x00000208   Code   RO          120    .text               stm32f0xx_gpio.o
    0x0800059c   0x000006c8   Code   RO          144    .text               stm32f0xx_rcc.o
    0x08000c64   0x00000590   Code   RO          166    .text               stm32f0xx_usart.o
    0x080011f4   0x000000b4   Code   RO          186    .text               stm32f0xx_misc.o
    0x080012a8   0x00000c00   Code   RO          206    .text               stm32f0xx_tim.o
    0x08001ea8   0x000000e8   Code   RO          226    .text               main_nfc.o
    0x08001f90   0x000000e0   Code   RO          265    .text               util.o
    0x08002070   0x0000025c   Code   RO          290    .text               sic4310.o
    0x080022cc   0x000001bc   Code   RO          313    .text               servolib.o
    0x08002488   0x00000068   Code   RO          337    .text               protocol.o
    0x080024f0   0x00000044   Code   RO          357    .text               c_p.l(strlen.o)
    0x08002534   0x0000006c   Code   RO          359    .text               c_p.l(strncpy.o)
    0x080025a0   0x00000088   Code   RO          361    .text               c_p.l(strcmp.o)
    0x08002628   0x0000015a   Code   RO          363    .text               c_p.l(aeabi_sdiv.o)
    0x08002782   0x00000006   Code   RO          367    .text               c_p.l(heapauxi.o)
    0x08002788   0x00000040   Code   RO          376    .text               c_p.l(rt_memclr.o)
    0x080027c8   0x0000003e   Code   RO          395    .text               c_p.l(sys_stackheap_outer.o)
    0x08002806   0x0000000c   Code   RO          398    .text               c_p.l(exit.o)
    0x08002812   0x00000002   PAD
    0x08002814   0x00000008   Code   RO          410    .text               c_p.l(libspace.o)
    0x0800281c   0x0000000c   Code   RO          465    .text               c_p.l(sys_exit.o)
    0x08002828   0x00000002   Code   RO          484    .text               c_p.l(use_no_semi.o)
    0x0800282a   0x00000000   Code   RO          486    .text               c_p.l(indicate_semi.o)
    0x0800282a   0x00000002   PAD
    0x0800282c   0x00000020   Data   RO          535    Region$$Table       anon$$obj.o


    Execution Region ER_RW (Base: 0x20000000, Size: 0x0000003c, Max: 0xffffffff, ABSOLUTE)

    Base Addr    Size         Type   Attr      Idx    E Section Name        Object

    0x20000000   0x00000014   Data   RW           13    .data               system_stm32f0xx.o
    0x20000014   0x00000010   Data   RW          145    .data               stm32f0xx_rcc.o
    0x20000024   0x00000004   Data   RW          266    .data               util.o
    0x20000028   0x00000004   Data   RW          292    .data               sic4310.o
    0x2000002c   0x0000000f   Data   RW          315    .data               servolib.o


    Execution Region ER_ZI (Base: 0x2000003c, Size: 0x00000894, Max: 0xffffffff, ABSOLUTE)

    Base Addr    Size         Type   Attr      Idx    E Section Name        Object

    0x2000003c   0x00000210   Zero   RW          291    .bss                sic4310.o
    0x2000024c   0x00000020   Zero   RW          314    .bss                servolib.o
    0x2000026c   0x00000060   Zero   RW          411    .bss                c_p.l(libspace.o)
    0x200002cc   0x00000004   PAD
    0x200002d0   0x00000200   Zero   RW            2    HEAP                startup_stm32f051.o
    0x200004d0   0x00000400   Zero   RW            1    STACK               startup_stm32f051.o


==============================================================================

Image component sizes


      Code (inc. data)   RO Data    RW Data    ZI Data      Debug   Object Name

       232         54          0          0          0        595   main_nfc.o
       104         12          0          0          0        587   protocol.o
       444         54          0         15         32       1788   servolib.o
       604         44          0          4        528       2628   sic4310.o
        56         26        192          0       1536        600   startup_stm32f051.o
       520         26          0          0          0       3645   stm32f0xx_gpio.o
       180         14          0          0          0       1312   stm32f0xx_misc.o
      1736         46          0         16          0       8860   stm32f0xx_rcc.o
      3072        138          0          0          0      22249   stm32f0xx_tim.o
      1424         26          0          0          0      11794   stm32f0xx_usart.o
       500         34          0         20          0     194303   system_stm32f0xx.o
       224         24          0          4          0       7119   util.o

    ----------------------------------------------------------------------
      9096        498        224         60       2096     255480   Object Totals
         0          0         32          0          0          0   (incl. Generated)
         0          0          0          1          0          0   (incl. Padding)

    ----------------------------------------------------------------------

      Code (inc. data)   RO Data    RW Data    ZI Data      Debug   Library Member Name

         8          0          0          0          0         68   __main.o
        60          8          0          0          0          0   __scatter.o
        26          0          0          0          0          0   __scatter_copy.o
        28          0          0          0          0          0   __scatter_zi.o
       346          0          0          0          0         92   aeabi_sdiv.o
        12          0          0          0          0         64   exit.o
         6          0          0          0          0        136   heapauxi.o
         0          0          0          0          0          0   indicate_semi.o
         2          0          0          0          0          0   libinit.o
         6          0          0          0          0          0   libinit2.o
         2          0          0          0          0          0   libshutdown.o
         2          0          0          0          0          0   libshutdown2.o
         8          4          0          0         96         68   libspace.o
        64          0          0          0          0        108   rt_memclr.o
         0          0          0          0          0          0   rtentry.o
        12          0          0          0          0          0   rtentry2.o
         6          0          0          0          0          0   rtentry4.o
         2          0          0          0          0          0   rtexit.o
        10          0          0          0          0          0   rtexit2.o
       136          4          0          0          0         72   strcmp.o
        68          6          0          0          0         72   strlen.o
       108          4          0          0          0         76   strncpy.o
        12          4          0          0          0         60   sys_exit.o
        62          0          0          0          0         80   sys_stackheap_outer.o
         2          0          0          0          0         68   use_no_semi.o

    ----------------------------------------------------------------------
       996         30          0          0        100        964   Library Totals
         8          0          0          0          4          0   (incl. Padding)

    ----------------------------------------------------------------------

      Code (inc. data)   RO Data    RW Data    ZI Data      Debug   Library Name

       988         30          0          0         96        964   c_p.l

    ----------------------------------------------------------------------
       996         30          0          0        100        964   Library Totals

    ----------------------------------------------------------------------

==============================================================================


      Code (inc. data)   RO Data    RW Data    ZI Data      Debug   

     10092        528        224         60       2196     254952   Grand Totals
     10092        528        224         60       2196     254952   ELF Image Totals
     10092        528        224         60          0          0   ROM Totals

==============================================================================

    Total RO  Size (Code + RO Data)                10316 (  10.07kB)
    Total RW  Size (RW Data + ZI Data)              2256 (   2.20kB)
    Total ROM Size (Code + RO Data + RW Data)      10376 (  10.13kB)

==============================================================================

