<html>
<body>
<pre>
<h1>µVision Build Log</h1>
<h2>Project:</h2>
C:\Users\sunny\Documents\7th sem\embedded\project\ nfc-door-ait\project_nfc\nfc_door_ait.uvproj
Project File Date:  12/07/2014

<h2>Output:</h2>
Rebuild Project 'nfc_door_ait' - Target 'Target '
assembling startup_stm32f051.s...
compiling system_stm32f0xx.c...
compiling stm32f0xx_gpio.c...
compiling stm32f0xx_rcc.c...
compiling stm32f0xx_usart.c...
compiling stm32f0xx_misc.c...
compiling stm32f0xx_tim.c...
compiling main_nfc.c...
C:\Users\sunny\Documents\7th sem\embedded\project\ nfc-door-ait\project_nfc\inc\protocol.h(27): warning:  #1-D: last line of file ends without a newline
  #endif
C:\Users\sunny\Documents\7th sem\embedded\project\ nfc-door-ait\project_nfc\inc\servolib.h(39): warning:  #1-D: last line of file ends without a newline
  #endif
main_nfc\main_nfc.c: 2 warnings, 0 errors
compiling util.c...
compiling sic4310.c...
C:\Users\sunny\Documents\7th sem\embedded\project\ nfc-door-ait\project_nfc\src\sic4310.c(124): warning:  #68-D: integer conversion resulted in a change of sign
                return -1;
src\sic4310.c: 1 warning, 0 errors
compiling servolib.c...
C:\Users\sunny\Documents\7th sem\embedded\project\ nfc-door-ait\project_nfc\inc\servolib.h(39): warning:  #1-D: last line of file ends without a newline
  #endif
C:\Users\sunny\Documents\7th sem\embedded\project\ nfc-door-ait\project_nfc\src\servolib.c(118): warning:  #1-D: last line of file ends without a newline
   }
src\servolib.c: 2 warnings, 0 errors
compiling protocol.c...
C:\Users\sunny\Documents\7th sem\embedded\project\ nfc-door-ait\project_nfc\inc\protocol.h(27): warning:  #1-D: last line of file ends without a newline
  #endif
protocol.c: 1 warning, 0 errors
linking...
Program Size: Code=9964 RO-data=224 RW-data=60 ZI-data=2196  
".\output\nfc_door_ait.axf" - 0 Error(s), 6 Warning(s).
</pre>
</body>
</html>
