<html>
<body>
<pre>
<h1>µVision Build Log</h1>
<h2>Project:</h2>
C:\Users\Aayush\Documents\7th Semester\Embedded Systems\NFC\ nfc-door-ait\project_nfc\nfc_door_ait.uvproj
Project File Date:  11/09/2014

<h2>Output:</h2>
Rebuild target 'Target '
assembling startup_stm32f051.s...
compiling system_stm32f0xx.c...
compiling stm32f0xx_gpio.c...
compiling stm32f0xx_rcc.c...
compiling stm32f0xx_usart.c...
compiling stm32f0xx_misc.c...
compiling main_nfc.c...
compiling util.c...
compiling sic4310.c...
src\sic4310.c(18): warning:  #177-D: variable "buffer_msg" was declared but never referenced
  static SIC4310_Struct buffer_msg;
src\sic4310.c: 1 warning, 0 errors
linking...
Program Size: Code=5544 RO-data=224 RW-data=40 ZI-data=1632  
".\output\nfc_door_ait.axf" - 0 Error(s), 1 Warning(s).
Load "C:\\Users\\Aayush\\Documents\\7th Semester\\Embedded Systems\\NFC\\ nfc-door-ait\\project_nfc\\output\\nfc_door_ait.axf" 
Erase Done.
Programming Done.
Verify OK.
</pre>
</body>
</html>
