<html>
<body>
<pre>
<h1>µVision Build Log</h1>
<h2>Project:</h2>
C:\Users\sunny\Documents\7th sem\embedded\project\ nfc-door-ait\project_nfc\nfc_door_ait.uvproj
Project File Date:  11/09/2014

<h2>Output:</h2>
Rebuild target 'Target '
assembling startup_stm32f051.s...
compiling system_stm32f0xx.c...
compiling stm32f0xx_gpio.c...
compiling stm32f0xx_rcc.c...
compiling stm32f0xx_usart.c...
compiling stm32f0xx_misc.c...
compiling main_nfc.c...
compiling util.c...
compiling sic4310.c...
src\sic4310.c(124): warning:  #68-D: integer conversion resulted in a change of sign
                return -1;
src\sic4310.c: 1 warning, 0 errors
linking...
Program Size: Code=6100 RO-data=224 RW-data=44 ZI-data=2164  
".\output\nfc_door_ait.axf" - 0 Error(s), 1 Warning(s).
Load "C:\\Users\\sunny\\Documents\\7th sem\\embedded\\project\\ nfc-door-ait\\project_nfc\\output\\nfc_door_ait.axf" 
Erase Done.
Programming Done.
Verify OK.
</pre>
</body>
</html>
