<html>
<body>
<pre>
<h1>µVision Build Log</h1>
<h2>Project:</h2>
C:\Users\Sujan\Desktop\New folder\ nfc-door-ait\project_nfc\NFC_door_servo.uvproj
Project File Date:  11/30/2014

<h2>Output:</h2>
Rebuild Project 'NFC_door_servo' - Target 'Target '
assembling startup_stm32f051.s...
compiling system_stm32f0xx.c...
compiling stm32f0xx_gpio.c...
compiling stm32f0xx_misc.c...
compiling stm32f0xx_rcc.c...
compiling stm32f0xx_tim.c...
compiling stm32f0xx_usart.c...
compiling servolib.c...
C:\Users\Sujan\Desktop\New folder\ nfc-door-ait\project_nfc\inc\servolib.h(39): warning:  #1-D: last line of file ends without a newline
  #endif
C:\Users\Sujan\Desktop\New folder\ nfc-door-ait\project_nfc\src\servolib.c(118): warning:  #1-D: last line of file ends without a newline
   }
src\servolib.c: 2 warnings, 0 errors
compiling util.c...
compiling servotest.c...
C:\Users\Sujan\Desktop\New folder\ nfc-door-ait\project_nfc\inc\servolib.h(39): warning:  #1-D: last line of file ends without a newline
  #endif
C:\Users\Sujan\Desktop\New folder\ nfc-door-ait\project_nfc\main_nfc\servotest.c(21): warning:  #1-D: last line of file ends without a newline
  }
main_nfc\servotest.c: 2 warnings, 0 errors
linking...
Program Size: Code=7396 RO-data=224 RW-data=56 ZI-data=1664  
".\output\NFC_door_servo.axf" - 0 Error(s), 4 Warning(s).
Load "C:\\Users\\Sujan\\Desktop\\New folder\\ nfc-door-ait\\project_nfc\\output\\NFC_door_servo.axf" 
Erase Done.
Programming Done.
Verify OK.
