<html>
<body>
<pre>
<h1>µVision Build Log</h1>
<h2>Project:</h2>
C:\Users\Aayush\Documents\7th Semester\Embedded Systems\NFC\ nfc-door-ait\project_nfc\NFC_tag_check.uvproj
Project File Date:  12/07/2014

<h2>Output:</h2>
Rebuild Project 'NFC_tag_check' - Target 'Target 1'
compiling system_stm32f0xx.c...
assembling startup_stm32f051.s...
compiling stm32f0xx_tim.c...
compiling stm32f0xx_rcc.c...
compiling stm32f0xx_usart.c...
compiling stm32f0xx_gpio.c...
compiling stm32f0xx_misc.c...
compiling nfc_tag_check.c...
C:\Users\Aayush\Documents\7th Semester\Embedded Systems\NFC\ nfc-door-ait\project_nfc\inc\tag_protocol_test.h(27): warning:  #1-D: last line of file ends without a newline
  #endif
C:\Users\Aayush\Documents\7th Semester\Embedded Systems\NFC\ nfc-door-ait\project_nfc\main_nfc\nfc_tag_check.c(49): warning:  #1-D: last line of file ends without a newline
  }
main_nfc\nfc_tag_check.c: 2 warnings, 0 errors
compiling util.c...
compiling sic4310.c...
C:\Users\Aayush\Documents\7th Semester\Embedded Systems\NFC\ nfc-door-ait\project_nfc\src\sic4310.c(124): warning:  #68-D: integer conversion resulted in a change of sign
                return -1;
src\sic4310.c: 1 warning, 0 errors
compiling tag_protocol_test.c...
C:\Users\Aayush\Documents\7th Semester\Embedded Systems\NFC\ nfc-door-ait\project_nfc\inc\tag_protocol_test.h(27): warning:  #1-D: last line of file ends without a newline
  #endif
src\tag_protocol_test.c: 1 warning, 0 errors
linking...
Program Size: Code=6248 RO-data=224 RW-data=44 ZI-data=2164  
".\NFC_tag_check.axf" - 0 Error(s), 4 Warning(s).
ut a newline
  #endif
src\tag_protocol_test.c: 1 warning, 0 errors
linking...
Program Size: Code=6060 RO-data=224 RW-data=44 ZI-data=2164  
".\NFC_tag_check.axf" - 0 Error(s), 5 Warning(s).
             else if (checktag(buf)==1 && Get_State() == 0)
C:\Users\Aayush\Documents\7th Semester\Embedded Systems\NFC\ nfc-door-ait\project_nfc\main_nfc\nfc_tag_check.c(50): warning:  #223-D: function "changePulse_fcn" declared implicitly
                                changePulse_fcn(OPEN);
C:\Users\Aayush\Documents\7th Semester\Embedded Systems\NFC\ nfc-door-ait\project_nfc\main_nfc\nfc_tag_check.c(50): error:  #20: identifier "OPEN" is undefined
                                changePulse_fcn(OPEN);
C:\Users\Aayush\Documents\7th Semester\Embedded Systems\NFC\ nfc-door-ait\project_nfc\main_nfc\nfc_tag_check.c(56): warning:  #223-D: function "changePulse_fcn" declared implicitly
                                changePulse_fcn(CLOSE);
C:\Users\Aayush\Documents\7th Semester\Embedded Systems\NFC\ nfc-door-ait\project_nfc\main_nfc\nfc_tag_check.c(56): error:  #20: identifier "CLOSE" is undefined
                                changePulse_fcn(CLOSE);
C:\Users\Aayush\Documents\7th Semester\Embedded Systems\NFC\ nfc-door-ait\project_nfc\main_nfc\nfc_tag_check.c(60): warning:  #1-D: last line of file ends without a newline
  }
main_nfc\nfc_tag_check.c: 6 warnings, 5 errors
compiling util.c...
compiling sic4310.c...
C:\Users\Aayush\Documents\7th Semester\Embedded Systems\NFC\ nfc-door-ait\project_nfc\src\sic4310.c(124): warning:  #68-D: integer conversion resulted in a change of sign
                return -1;
src\sic4310.c: 1 warning, 0 errors
compiling tag_protocol_test.c...
C:\Users\Aayush\Documents\7th Semester\Embedded Systems\NFC\ nfc-door-ait\project_nfc\inc\tag_protocol_test.h(27): warning:  #1-D: last line of file ends without a newline
  #endif
src\tag_protocol_test.c: 1 warning, 0 errors
".\NFC_tag_check.axf" - 5 Error(s), 8 Warning(s).
Target not created
